<html>
<body>
<pre>
<h1>µVision Build Log</h1>
<h2>Tool Versions:</h2>
IDE-Version: ¦ÌVision V5.43.1.0
Copyright (C) 2025 ARM Ltd and ARM Germany GmbH. All rights reserved.
License Information: Leo Christ, ZZ, LIC=----
 
Tool Versions:
Toolchain:       MDK-Lite  Version: 5.43.0.0
Toolchain Path:  F:\Keil_v5\ARM\ARMCLANG\Bin
C Compiler:      ArmClang.exe V6.24
Assembler:       Armasm.exe V6.24
Linker/Locator:  ArmLink.exe V6.24
Library Manager: ArmAr.exe V6.24
Hex Converter:   FromElf.exe V6.24
CPU DLL:         SARMCM3.DLL V5.43.0.0
Dialog DLL:      DARMCM1.DLL V1.19.6.0
Target DLL:      CMSIS_AGDI.dll V1.33.24.0
Dialog DLL:      TARMCM1.DLL V1.14.6.0
 
<h2>Project:</h2>
F:\TI\mspm0_sdk_2_10_00_04\MSPM0G3507_Project\keil\empty_LP_MSPM0G3507_nortos_keil.uvprojx
Project File Date:  06/03/2026

<h2>Output:</h2>
*** Using Compiler 'V6.24', folder: 'F:\Keil_v5\ARM\ARMCLANG\Bin'
Build target 'MSPM0G3507_Project'
Before Build - User command #1: cmd.exe /C "F:\TI\mspm0_sdk_2_10_00_04\tools\keil\syscfg.bat 'F:\TI\mspm0_sdk_2_10_00_04\MSPM0G3507_Project\keil\' empty.syscfg"
Using Sysconfig Tool from "F:\TI\SYSCONFIG\sysconfig_cli.bat"
"Update the file located at <sdk path>/tools/keil/syscfg.bat to use a different version"
Running script...
Validating...
info: PWM(/ti/driverlib/PWM): Peripheral does not retain register contents in STOP or STANDBY modes. User should take care to save and restore register configuration in application. See Retention Configuration section for more details.
Generating Code (empty.syscfg)...
Writing F:\TI\mspm0_sdk_2_10_00_04\MSPM0G3507_Project\ti_msp_dl_config.c...
Writing F:\TI\mspm0_sdk_2_10_00_04\MSPM0G3507_Project\ti_msp_dl_config.h...
Unchanged F:\TI\mspm0_sdk_2_10_00_04\MSPM0G3507_Project\Event.dot...
compiling app_main.c...
compiling board.c...
compiling ti_msp_dl_config.c...
compiling lcd_init.c...
compiling zk.c...
compiling bsp_sg90.c...
../BSP/LCD/lcd.c(3): warning: In file included from...
../BSP/LCD\lcdfont.h(405): warning: illegal character encoding in string literal [-Winvalid-source-encoding]
  405 | "<D6><D0>",0x20,0x00,0x20,0x00,0x20,0x00,0xFE,0x03,0x22,0x02,0x22,0x02,0x22,0x02,0xFE,0x03,
      |  ^~~~~~~~
../BSP/LCD\lcdfont.h(407): warning: illegal character encoding in string literal [-Winvalid-source-encoding]
  407 | "<BE><B0>",0xFC,0x01,0x04,0x01,0xFC,0x01,0x04,0x01,0xFC,0x01,0x20,0x00,0xFF,0x07,0x04,0x01,
      |  ^~~~~~~~
../BSP/LCD\lcdfont.h(411): warning: illegal character encoding in string literal [-Winvalid-source-encoding]
  411 | "<B5><E7>",0x10,0x00,0x10,0x00,0xFF,0x01,0x11,0x01,0x11,0x01,0xFF,0x01,0x11,0x01,0x11,0x01,
      |  ^~~~~~~~
../BSP/LCD\lcdfont.h(413): warning: illegal character encoding in string literal [-Winvalid-source-encoding]
  413 | "<D7><D3>",0x00,0x00,0xFC,0x01,0x80,0x00,0x40,0x00,0x20,0x00,0x20,0x00,0xFF,0x07,0x20,0x00,
      |  ^~~~~~~~
../BSP/LCD\lcdfont.h(427): warning: illegal character encoding in string literal [-Winvalid-source-encoding]
  427 | "<D6><D0>",0x80,0x00,0x80,0x00,0x80,0x00,0x80,0x00,0xFC,0x1F,0x84,0x10,0x84,0x10,0x84,0x10,
      |  ^~~~~~~~
../BSP/LCD\lcdfont.h(429): warning: illegal character encoding in string literal [-Winvalid-source-encoding]
  429 | "<BE><B0>",0xF8,0x0F,0x08,0x08,0xF8,0x0F,0x08,0x08,0xF8,0x0F,0x80,0x00,0xFF,0x7F,0x00,0x00,
      |  ^~~~~~~~
../BSP/LCD\lcdfont.h(433): warning: illegal character encoding in string literal [-Winvalid-source-encoding]
  433 | "<B5><E7>",0x80,0x00,0x80,0x00,0x80,0x00,0xFC,0x1F,0x84,0x10,0x84,0x10,0x84,0x10,0xFC,0x1F,
      |  ^~~~~~~~
../BSP/LCD\lcdfont.h(435): warning: illegal character encoding in string literal [-Winvalid-source-encoding]
  435 | "<D7><D3>",0x00,0x00,0xFE,0x1F,0x00,0x08,0x00,0x04,0x00,0x02,0x80,0x01,0x80,0x00,0xFF,0x7F,
      |  ^~~~~~~~
../BSP/LCD\lcdfont.h(449): warning: illegal character encoding in string literal [-Winvalid-source-encoding]
  449 | "<D6><D0>",0x00,0x00,0x00,0x00,0x00,0x00,0x00,0x18,0x00,0x00,0x08,0x00,0x00,0x08,0x00,0x00,
      |  ^~~~~~~~
../BSP/LCD\lcdfont.h(455): warning: illegal character encoding in string literal [-Winvalid-source-encoding]
  455 | "<BE><B0>",0x00,0x00,0x00,0x00,0x00,0x00,0x40,0x00,0x06,0xC0,0xFF,0x07,0x40,0x00,0x06,0xC0,
      |  ^~~~~~~~
../BSP/LCD\lcdfont.h(467): warning: illegal character encoding in string literal [-Winvalid-source-encoding]
  467 | "<B5><E7>",0x00,0x00,0x00,0x00,0x00,0x00,0x00,0x18,0x00,0x00,0x08,0x00,0x00,0x08,0x00,0x00,
      |  ^~~~~~~~
../BSP/LCD\lcdfont.h(473): warning: illegal character encoding in string literal [-Winvalid-source-encoding]
  473 | "<D7><D3>",0x00,0x00,0x00,0x00,0x00,0x00,0x00,0x00,0x04,0xF0,0xFF,0x0F,0x00,0x00,0x06,0x00,
      |  ^~~~~~~~
../BSP/LCD\lcdfont.h(491): warning: illegal character encoding in string literal [-Winvalid-source-encoding]
  491 | "<D6><D0>",0x00,0x00,0x00,0x00,0x00,0x00,0x00,0x00,0x00,0x80,0x00,0x00,0x00,0x80,0x01,0x00,
      |  ^~~~~~~~
../BSP/LCD\lcdfont.h(499): warning: illegal character encoding in string literal [-Winvalid-source-encoding]
  499 | "<BE><B0>",0x00,0x00,0x00,0x00,0x00,0x00,0x00,0x00,0x00,0x00,0x00,0x00,0x00,0x01,0x80,0x01,
      |  ^~~~~~~~
../BSP/LCD\lcdfont.h(515): warning: illegal character encoding in string literal [-Winvalid-source-encoding]
  515 | "<B5><E7>",0x00,0x00,0x00,0x00,0x00,0x00,0x00,0x00,0x00,0xC0,0x00,0x00,0x00,0xC0,0x01,0x00,
      |  ^~~~~~~~
../BSP/LCD\lcdfont.h(523): warning: illegal character encoding in string literal [-Winvalid-source-encoding]
  523 | "<D7><D3>",0x00,0x00,0x00,0x00,0x00,0x00,0x00,0x00,0x00,0x00,0x00,0x00,0x00,0x00,0x00,0x03,
      |  ^~~~~~~~
16 warnings generated.
compiling lcd.c...
linking...
Program Size: Code=10476 RO-data=16796 RW-data=0 ZI-data=864  
FromELF: creating hex file...
".\Objects\empty_LP_MSPM0G3507_nortos_keil.axf" - 0 Error(s), 16 Warning(s).

<h2>Software Packages used:</h2>

Package Vendor: TexasInstruments
                https://software-dl.ti.com/msp430/esd/MSPM0-CMSIS/MSPM0G1X0X_G3X0X/latest/exports/TexasInstruments.MSPM0G1X0X_G3X0X_DFP.1.3.1.pack
                TexasInstruments::MSPM0G1X0X_G3X0X_DFP@1.3.1
                Device Family Pack for Texas Instruments MSPM0G1X0X_G3X0X Series

<h2>Collection of Component include folders:</h2>

<h2>Collection of Component Files used:</h2>
Build Time Elapsed:  00:00:03
</pre>
</body>
</html>
