Component: Arm Compiler for Embedded 6.24 Tool: armlink [5f371500]

==============================================================================

Section Cross References

    empty.o(.text.main) refers to board.o(.text.board_init) for board_init
    empty.o(.text.main) refers to lcd_init.o(.text.LCD_Init) for LCD_Init
    empty.o(.text.main) refers to lcd.o(.text.LCD_Fill) for LCD_Fill
    empty.o(.text.main) refers to lcd.o(.text.LCD_ShowString) for LCD_ShowString
    empty.o(.text.main) refers to lcd.o(.text.LCD_ShowIntNum) for LCD_ShowIntNum
    empty.o(.text.main) refers to lcd.o(.text.LCD_ShowFloatNum1) for LCD_ShowFloatNum1
    empty.o(.text.main) refers to lcd.o(.text.LCD_ShowPicture) for LCD_ShowPicture
    empty.o(.text.main) refers to board.o(.text.delay_ms) for delay_ms
    empty.o(.text.main) refers to zk.o(.text.Display_Asc_String) for Display_Asc_String
    empty.o(.text.main) refers to zk.o(.text.Display_GB2312_String) for Display_GB2312_String
    empty.o(.text.main) refers to zk.o(.text.Display_TimesNewRoman_String) for Display_TimesNewRoman_String
    empty.o(.text.main) refers to zk.o(.text.Display_Arial_String) for Display_Arial_String
    empty.o(.text.main) refers to empty.o(.rodata.str1.1) for [Anonymous Symbol]
    empty.o(.text.main) refers to empty.o(.rodata.gImage_1) for gImage_1
    empty.o(.ARM.exidx.text.main) refers to empty.o(.text.main) for [Anonymous Symbol]
    startup_mspm0g350x_uvision.o(STACK) refers (Special) to heapauxi.o(.text) for __use_two_region_memory
    startup_mspm0g350x_uvision.o(HEAP) refers (Special) to heapauxi.o(.text) for __use_two_region_memory
    startup_mspm0g350x_uvision.o(RESET) refers (Special) to heapauxi.o(.text) for __use_two_region_memory
    startup_mspm0g350x_uvision.o(RESET) refers to startup_mspm0g350x_uvision.o(STACK) for __initial_sp
    startup_mspm0g350x_uvision.o(RESET) refers to startup_mspm0g350x_uvision.o(.text) for Reset_Handler
    startup_mspm0g350x_uvision.o(RESET) refers to board.o(.text.UART0_IRQHandler) for UART0_IRQHandler
    startup_mspm0g350x_uvision.o(.text) refers (Special) to heapauxi.o(.text) for __use_two_region_memory
    startup_mspm0g350x_uvision.o(.text) refers to __main.o(!!!main) for __main
    startup_mspm0g350x_uvision.o(.text) refers to startup_mspm0g350x_uvision.o(HEAP) for Heap_Mem
    startup_mspm0g350x_uvision.o(.text) refers to startup_mspm0g350x_uvision.o(STACK) for Stack_Mem
    ti_msp_dl_config.o(.text.SYSCFG_DL_init) refers to ti_msp_dl_config.o(.text.SYSCFG_DL_initPower) for SYSCFG_DL_initPower
    ti_msp_dl_config.o(.text.SYSCFG_DL_init) refers to ti_msp_dl_config.o(.text.SYSCFG_DL_GPIO_init) for SYSCFG_DL_GPIO_init
    ti_msp_dl_config.o(.text.SYSCFG_DL_init) refers to ti_msp_dl_config.o(.text.SYSCFG_DL_SYSCTL_init) for SYSCFG_DL_SYSCTL_init
    ti_msp_dl_config.o(.text.SYSCFG_DL_init) refers to ti_msp_dl_config.o(.text.SYSCFG_DL_UART_0_init) for SYSCFG_DL_UART_0_init
    ti_msp_dl_config.o(.text.SYSCFG_DL_init) refers to ti_msp_dl_config.o(.text.SYSCFG_DL_SYSTICK_init) for SYSCFG_DL_SYSTICK_init
    ti_msp_dl_config.o(.ARM.exidx.text.SYSCFG_DL_init) refers to ti_msp_dl_config.o(.text.SYSCFG_DL_init) for [Anonymous Symbol]
    ti_msp_dl_config.o(.text.SYSCFG_DL_initPower) refers to dl_common.o(.text.DL_Common_delayCycles) for DL_Common_delayCycles
    ti_msp_dl_config.o(.ARM.exidx.text.SYSCFG_DL_initPower) refers to ti_msp_dl_config.o(.text.SYSCFG_DL_initPower) for [Anonymous Symbol]
    ti_msp_dl_config.o(.ARM.exidx.text.SYSCFG_DL_GPIO_init) refers to ti_msp_dl_config.o(.text.SYSCFG_DL_GPIO_init) for [Anonymous Symbol]
    ti_msp_dl_config.o(.ARM.exidx.text.SYSCFG_DL_SYSCTL_init) refers to ti_msp_dl_config.o(.text.SYSCFG_DL_SYSCTL_init) for [Anonymous Symbol]
    ti_msp_dl_config.o(.text.SYSCFG_DL_UART_0_init) refers to dl_uart.o(.text.DL_UART_setClockConfig) for DL_UART_setClockConfig
    ti_msp_dl_config.o(.text.SYSCFG_DL_UART_0_init) refers to dl_uart.o(.text.DL_UART_init) for DL_UART_init
    ti_msp_dl_config.o(.text.SYSCFG_DL_UART_0_init) refers to ti_msp_dl_config.o(.rodata.gUART_0ClockConfig) for [Anonymous Symbol]
    ti_msp_dl_config.o(.text.SYSCFG_DL_UART_0_init) refers to ti_msp_dl_config.o(.rodata.gUART_0Config) for [Anonymous Symbol]
    ti_msp_dl_config.o(.ARM.exidx.text.SYSCFG_DL_UART_0_init) refers to ti_msp_dl_config.o(.text.SYSCFG_DL_UART_0_init) for [Anonymous Symbol]
    ti_msp_dl_config.o(.ARM.exidx.text.SYSCFG_DL_SYSTICK_init) refers to ti_msp_dl_config.o(.text.SYSCFG_DL_SYSTICK_init) for [Anonymous Symbol]
    board.o(.text.board_init) refers to ti_msp_dl_config.o(.text.SYSCFG_DL_init) for SYSCFG_DL_init
    board.o(.text.board_init) refers to puts.o(.text) for puts
    board.o(.ARM.exidx.text.board_init) refers to board.o(.text.board_init) for [Anonymous Symbol]
    board.o(.ARM.exidx.text.delay_us) refers to board.o(.text.delay_us) for [Anonymous Symbol]
    board.o(.ARM.exidx.text.delay_ms) refers to board.o(.text.delay_ms) for [Anonymous Symbol]
[...]
    lcd.o(.text.LCD_ShowChinese12x12) refers to lcd_init.o(.text.LCD_WR_DATA) for LCD_WR_DATA
    lcd.o(.text.LCD_ShowChinese12x12) refers to aeabi_sdivfast.o(.text) for __aeabi_uidivmod
    lcd.o(.text.LCD_ShowChinese12x12) refers to lcd.o(.rodata.tfont12) for tfont12
    lcd.o(.ARM.exidx.text.LCD_ShowChinese12x12) refers to lcd.o(.text.LCD_ShowChinese12x12) for [Anonymous Symbol]
    lcd.o(.text.LCD_ShowChinese16x16) refers to lcd_init.o(.text.LCD_Address_Set) for LCD_Address_Set
    lcd.o(.text.LCD_ShowChinese16x16) refers to lcd_init.o(.text.LCD_WR_DATA) for LCD_WR_DATA
    lcd.o(.text.LCD_ShowChinese16x16) refers to aeabi_sdivfast.o(.text) for __aeabi_uidivmod
    lcd.o(.text.LCD_ShowChinese16x16) refers to lcd.o(.rodata.tfont16) for tfont16
    lcd.o(.ARM.exidx.text.LCD_ShowChinese16x16) refers to lcd.o(.text.LCD_ShowChinese16x16) for [Anonymous Symbol]
    lcd.o(.text.LCD_ShowChinese24x24) refers to lcd_init.o(.text.LCD_Address_Set) for LCD_Address_Set
    lcd.o(.text.LCD_ShowChinese24x24) refers to lcd_init.o(.text.LCD_WR_DATA) for LCD_WR_DATA
    lcd.o(.text.LCD_ShowChinese24x24) refers to aeabi_sdivfast.o(.text) for __aeabi_uidivmod
    lcd.o(.text.LCD_ShowChinese24x24) refers to lcd.o(.rodata.tfont24) for tfont24
    lcd.o(.ARM.exidx.text.LCD_ShowChinese24x24) refers to lcd.o(.text.LCD_ShowChinese24x24) for [Anonymous Symbol]
    lcd.o(.text.LCD_ShowChinese32x32) refers to lcd_init.o(.text.LCD_Address_Set) for LCD_Address_Set
    lcd.o(.text.LCD_ShowChinese32x32) refers to lcd_init.o(.text.LCD_WR_DATA) for LCD_WR_DATA
    lcd.o(.text.LCD_ShowChinese32x32) refers to aeabi_sdivfast.o(.text) for __aeabi_uidivmod
    lcd.o(.text.LCD_ShowChinese32x32) refers to lcd.o(.rodata.tfont32) for tfont32
    lcd.o(.ARM.exidx.text.LCD_ShowChinese32x32) refers to lcd.o(.text.LCD_ShowChinese32x32) for [Anonymous Symbol]
    lcd.o(.text.LCD_ShowChar) refers to lcd_init.o(.text.LCD_Address_Set) for LCD_Address_Set
    lcd.o(.text.LCD_ShowChar) refers to lcd_init.o(.text.LCD_WR_DATA) for LCD_WR_DATA
    lcd.o(.text.LCD_ShowChar) refers to aeabi_sdivfast.o(.text) for __aeabi_uidivmod
    lcd.o(.text.LCD_ShowChar) refers to lcd.o(.rodata.ascii_2412) for ascii_2412
    lcd.o(.text.LCD_ShowChar) refers to lcd.o(.rodata.ascii_1608) for ascii_1608
    lcd.o(.text.LCD_ShowChar) refers to lcd.o(.rodata.ascii_1206) for ascii_1206
    lcd.o(.text.LCD_ShowChar) refers to lcd.o(.rodata.ascii_3216) for ascii_3216
    lcd.o(.ARM.exidx.text.LCD_ShowChar) refers to lcd.o(.text.LCD_ShowChar) for [Anonymous Symbol]
    lcd.o(.text.LCD_ShowString) refers to lcd.o(.text.LCD_ShowChar) for LCD_ShowChar
    lcd.o(.ARM.exidx.text.LCD_ShowString) refers to lcd.o(.text.LCD_ShowString) for [Anonymous Symbol]
    lcd.o(.ARM.exidx.text.mypow) refers to lcd.o(.text.mypow) for [Anonymous Symbol]
    lcd.o(.text.LCD_ShowIntNum) refers to lcd.o(.text.LCD_ShowChar) for LCD_ShowChar
    lcd.o(.text.LCD_ShowIntNum) refers to aeabi_sdivfast.o(.text_divfast) for __aeabi_uidiv
    lcd.o(.text.LCD_ShowIntNum) refers to aeabi_sdivfast.o(.text) for __aeabi_uidivmod
    lcd.o(.ARM.exidx.text.LCD_ShowIntNum) refers to lcd.o(.text.LCD_ShowIntNum) for [Anonymous Symbol]
    lcd.o(.text.LCD_ShowFloatNum1) refers to fmul.o(x$fpl$fmul) for __aeabi_fmul
    lcd.o(.text.LCD_ShowFloatNum1) refers to ffixi.o(.text) for __aeabi_f2iz
    lcd.o(.text.LCD_ShowFloatNum1) refers to lcd.o(.text.LCD_ShowChar) for LCD_ShowChar
    lcd.o(.text.LCD_ShowFloatNum1) refers to aeabi_sdivfast.o(.text_divfast) for __aeabi_uidiv
    lcd.o(.text.LCD_ShowFloatNum1) refers to aeabi_sdivfast.o(.text) for __aeabi_uidivmod
    lcd.o(.ARM.exidx.text.LCD_ShowFloatNum1) refers to lcd.o(.text.LCD_ShowFloatNum1) for [Anonymous Symbol]
    lcd.o(.text.LCD_ShowPicture) refers to lcd_init.o(.text.LCD_Address_Set) for LCD_Address_Set
    lcd.o(.text.LCD_ShowPicture) refers to lcd_init.o(.text.LCD_WR_DATA8) for LCD_WR_DATA8
    lcd.o(.ARM.exidx.text.LCD_ShowPicture) refers to lcd.o(.text.LCD_ShowPicture) for [Anonymous Symbol]
    lcd_init.o(.ARM.exidx.text.LCD_GPIO_Init) refers to lcd_init.o(.text.LCD_GPIO_Init) for [Anonymous Symbol]
    lcd_init.o(.ARM.exidx.text.LCD_Writ_Bus) refers to lcd_init.o(.text.LCD_Writ_Bus) for [Anonymous Symbol]
    lcd_init.o(.ARM.exidx.text.LCD_WR_DATA8) refers to lcd_init.o(.text.LCD_WR_DATA8) for [Anonymous Symbol]
    lcd_init.o(.ARM.exidx.text.LCD_WR_DATA) refers to lcd_init.o(.text.LCD_WR_DATA) for [Anonymous Symbol]
    lcd_init.o(.ARM.exidx.text.LCD_WR_REG) refers to lcd_init.o(.text.LCD_WR_REG) for [Anonymous Symbol]
    lcd_init.o(.text.LCD_Address_Set) refers to lcd_init.o(.text.LCD_WR_DATA) for LCD_WR_DATA
    lcd_init.o(.ARM.exidx.text.LCD_Address_Set) refers to lcd_init.o(.text.LCD_Address_Set) for [Anonymous Symbol]
    lcd_init.o(.text.LCD_Init) refers to board.o(.text.delay_ms) for delay_ms
    lcd_init.o(.ARM.exidx.text.LCD_Init) refers to lcd_init.o(.text.LCD_Init) for [Anonymous Symbol]
    zk.o(.ARM.exidx.text.ZK_command) refers to zk.o(.text.ZK_command) for [Anonymous Symbol]
    zk.o(.ARM.exidx.text.get_data_from_ROM) refers to zk.o(.text.get_data_from_ROM) for [Anonymous Symbol]
    zk.o(.ARM.exidx.text.get_n_bytes_data_from_ROM) refers to zk.o(.text.get_n_bytes_data_from_ROM) for [Anonymous Symbol]
    zk.o(.text.Display_GB2312) refers to lcd_init.o(.text.LCD_Address_Set) for LCD_Address_Set
    zk.o(.text.Display_GB2312) refers to lcd_init.o(.text.LCD_WR_DATA) for LCD_WR_DATA
    zk.o(.text.Display_GB2312) refers to aeabi_sdivfast.o(.text) for __aeabi_uidivmod
    zk.o(.text.Display_GB2312) refers to zk.o(.bss.FontBuf) for FontBuf
    zk.o(.ARM.exidx.text.Display_GB2312) refers to zk.o(.text.Display_GB2312) for [Anonymous Symbol]
    zk.o(.text.Display_GB2312_String) refers to zk.o(.text.get_n_bytes_data_from_ROM) for get_n_bytes_data_from_ROM
    zk.o(.text.Display_GB2312_String) refers to zk.o(.text.Display_GB2312) for Display_GB2312
    zk.o(.text.Display_GB2312_String) refers to zk.o(.rodata..Lswitch.table.Display_GB2312_String.1) for [Anonymous Symbol]
    zk.o(.text.Display_GB2312_String) refers to zk.o(.bss.FontBuf) for FontBuf
    zk.o(.ARM.exidx.text.Display_GB2312_String) refers to zk.o(.text.Display_GB2312_String) for [Anonymous Symbol]
    zk.o(.text.Display_Asc) refers to lcd_init.o(.text.LCD_Address_Set) for LCD_Address_Set
    zk.o(.text.Display_Asc) refers to lcd_init.o(.text.LCD_WR_DATA) for LCD_WR_DATA
    zk.o(.text.Display_Asc) refers to aeabi_sdivfast.o(.text) for __aeabi_uidivmod
    zk.o(.text.Display_Asc) refers to zk.o(.bss.FontBuf) for FontBuf
    zk.o(.ARM.exidx.text.Display_Asc) refers to zk.o(.text.Display_Asc) for [Anonymous Symbol]
    zk.o(.text.Display_Asc_String) refers to zk.o(.text.get_n_bytes_data_from_ROM) for get_n_bytes_data_from_ROM
    zk.o(.text.Display_Asc_String) refers to zk.o(.text.Display_Asc) for Display_Asc
    zk.o(.text.Display_Asc_String) refers to zk.o(.bss.FontBuf) for FontBuf
    zk.o(.ARM.exidx.text.Display_Asc_String) refers to zk.o(.text.Display_Asc_String) for [Anonymous Symbol]
    zk.o(.text.Display_Arial_TimesNewRoman) refers to lcd_init.o(.text.LCD_Address_Set) for LCD_Address_Set
    zk.o(.text.Display_Arial_TimesNewRoman) refers to lcd_init.o(.text.LCD_WR_DATA) for LCD_WR_DATA
    zk.o(.text.Display_Arial_TimesNewRoman) refers to aeabi_sdivfast.o(.text) for __aeabi_uidivmod
    zk.o(.text.Display_Arial_TimesNewRoman) refers to zk.o(.bss.FontBuf) for FontBuf
    zk.o(.ARM.exidx.text.Display_Arial_TimesNewRoman) refers to zk.o(.text.Display_Arial_TimesNewRoman) for [Anonymous Symbol]
    zk.o(.text.Display_Arial_String) refers to zk.o(.text.get_n_bytes_data_from_ROM) for get_n_bytes_data_from_ROM
    zk.o(.text.Display_Arial_String) refers to zk.o(.text.Display_Arial_TimesNewRoman) for Display_Arial_TimesNewRoman
    zk.o(.text.Display_Arial_String) refers to zk.o(.rodata..Lswitch.table.Display_TimesNewRoman_String.5) for [Anonymous Symbol]
    zk.o(.text.Display_Arial_String) refers to zk.o(.rodata..Lswitch.table.Display_TimesNewRoman_String.6) for [Anonymous Symbol]
    zk.o(.text.Display_Arial_String) refers to zk.o(.bss.FontBuf) for FontBuf
    zk.o(.ARM.exidx.text.Display_Arial_String) refers to zk.o(.text.Display_Arial_String) for [Anonymous Symbol]
    zk.o(.text.Display_TimesNewRoman_String) refers to zk.o(.text.get_n_bytes_data_from_ROM) for get_n_bytes_data_from_ROM
    zk.o(.text.Display_TimesNewRoman_String) refers to zk.o(.text.Display_Arial_TimesNewRoman) for Display_Arial_TimesNewRoman
    zk.o(.text.Display_TimesNewRoman_String) refers to zk.o(.rodata..Lswitch.table.Display_TimesNewRoman_String.5) for [Anonymous Symbol]
    zk.o(.text.Display_TimesNewRoman_String) refers to zk.o(.rodata..Lswitch.table.Display_TimesNewRoman_String.6) for [Anonymous Symbol]
    zk.o(.text.Display_TimesNewRoman_String) refers to zk.o(.bss.FontBuf) for FontBuf
    zk.o(.ARM.exidx.text.Display_TimesNewRoman_String) refers to zk.o(.text.Display_TimesNewRoman_String) for [Anonymous Symbol]
    dl_common.o(.ARM.exidx.text.DL_Common_delayCycles) refers to dl_common.o(.text.DL_Common_delayCycles) for [Anonymous Symbol]
    dl_uart.o(.ARM.exidx.text.DL_UART_init) refers to dl_uart.o(.text.DL_UART_init) for [Anonymous Symbol]
    dl_uart.o(.ARM.exidx.text.DL_UART_setClockConfig) refers to dl_uart.o(.text.DL_UART_setClockConfig) for [Anonymous Symbol]
    dl_uart.o(.ARM.exidx.text.DL_UART_getClockConfig) refers to dl_uart.o(.text.DL_UART_getClockConfig) for [Anonymous Symbol]
    dl_uart.o(.text.DL_UART_configBaudRate) refers to aeabi_sdivfast.o(.text_divfast) for __aeabi_uidiv
    dl_uart.o(.ARM.exidx.text.DL_UART_configBaudRate) refers to dl_uart.o(.text.DL_UART_configBaudRate) for [Anonymous Symbol]
    dl_uart.o(.ARM.exidx.text.DL_UART_configIrDAMode) refers to dl_uart.o(.text.DL_UART_configIrDAMode) for [Anonymous Symbol]
    dl_uart.o(.ARM.exidx.text.DL_UART_setIrDAPulseLength) refers to dl_uart.o(.text.DL_UART_setIrDAPulseLength) for [Anonymous Symbol]
    dl_uart.o(.ARM.exidx.text.DL_UART_receiveDataBlocking) refers to dl_uart.o(.text.DL_UART_receiveDataBlocking) for [Anonymous Symbol]
    dl_uart.o(.ARM.exidx.text.DL_UART_transmitDataBlocking) refers to dl_uart.o(.text.DL_UART_transmitDataBlocking) for [Anonymous Symbol]
    dl_uart.o(.ARM.exidx.text.DL_UART_receiveDataCheck) refers to dl_uart.o(.text.DL_UART_receiveDataCheck) for [Anonymous Symbol]
    dl_uart.o(.ARM.exidx.text.DL_UART_transmitDataCheck) refers to dl_uart.o(.text.DL_UART_transmitDataCheck) for [Anonymous Symbol]
    dl_uart.o(.ARM.exidx.text.DL_UART_drainRXFIFO) refers to dl_uart.o(.text.DL_UART_drainRXFIFO) for [Anonymous Symbol]
    dl_uart.o(.ARM.exidx.text.DL_UART_fillTXFIFO) refers to dl_uart.o(.text.DL_UART_fillTXFIFO) for [Anonymous Symbol]
    dl_uart.o(.ARM.exidx.text.DL_UART_Main_saveConfiguration) refers to dl_uart.o(.text.DL_UART_Main_saveConfiguration) for [Anonymous Symbol]
    dl_uart.o(.ARM.exidx.text.DL_UART_Main_restoreConfiguration) refers to dl_uart.o(.text.DL_UART_Main_restoreConfiguration) for [Anonymous Symbol]
    dl_uart.o(.ARM.exidx.text.DL_UART_Extend_saveConfiguration) refers to dl_uart.o(.text.DL_UART_Extend_saveConfiguration) for [Anonymous Symbol]
    dl_uart.o(.ARM.exidx.text.DL_UART_Extend_restoreConfiguration) refers to dl_uart.o(.text.DL_UART_Extend_restoreConfiguration) for [Anonymous Symbol]
    puts.o(.text) refers to board.o(.text.fputc) for fputc
    puts.o(.text) refers to board.o(.bss.__stdout) for __stdout
    __main.o(!!!main) refers to __rtentry.o(.ARM.Collect$$rtentry$$00000000) for __rt_entry
    ffixi.o(.text) refers (Special) to usenofp.o(x$fpl$usenofp) for __I$use$fp
    fmul.o(x$fpl$fmul) refers (Special) to usenofp.o(x$fpl$usenofp) for __I$use$fp
    __rtentry.o(.ARM.Collect$$rtentry$$00000000) refers (Special) to __rtentry2.o(.ARM.Collect$$rtentry$$0000000A) for __rt_entry_li
    __rtentry.o(.ARM.Collect$$rtentry$$00000000) refers (Special) to __rtentry2.o(.ARM.Collect$$rtentry$$0000000D) for __rt_entry_main
    __rtentry.o(.ARM.Collect$$rtentry$$00000000) refers (Special) to __rtentry2.o(.ARM.Collect$$rtentry$$0000000C) for __rt_entry_postli_1
    __rtentry.o(.ARM.Collect$$rtentry$$00000000) refers (Special) to __rtentry2.o(.ARM.Collect$$rtentry$$00000009) for __rt_entry_postsh_1
    __rtentry.o(.ARM.Collect$$rtentry$$00000000) refers (Special) to __rtentry2.o(.ARM.Collect$$rtentry$$00000002) for __rt_entry_presh_1
    __rtentry.o(.ARM.Collect$$rtentry$$00000000) refers (Special) to __rtentry4.o(.ARM.Collect$$rtentry$$00000004) for __rt_entry_sh
    aeabi_idiv0_sigfpe.o(.text) refers to rt_div0.o(.text) for __rt_div0
    __rtentry2.o(.ARM.Collect$$rtentry$$00000008) refers to boardinit2.o(.text) for _platform_post_stackheap_init
    __rtentry2.o(.ARM.Collect$$rtentry$$0000000A) refers to libinit.o(.ARM.Collect$$libinit$$00000000) for __rt_lib_init
    __rtentry2.o(.ARM.Collect$$rtentry$$0000000B) refers to boardinit3.o(.text) for _platform_post_lib_init
    __rtentry2.o(.ARM.Collect$$rtentry$$0000000D) refers to empty.o(.text.main) for main
    __rtentry2.o(.ARM.Collect$$rtentry$$0000000D) refers to exit.o(.text) for exit
    __rtentry2.o(.ARM.exidx) refers to __rtentry2.o(.ARM.Collect$$rtentry$$00000001) for .ARM.Collect$$rtentry$$00000001
    __rtentry2.o(.ARM.exidx) refers to __rtentry2.o(.ARM.Collect$$rtentry$$00000008) for .ARM.Collect$$rtentry$$00000008
    __rtentry2.o(.ARM.exidx) refers to __rtentry2.o(.ARM.Collect$$rtentry$$0000000A) for .ARM.Collect$$rtentry$$0000000A
    __rtentry2.o(.ARM.exidx) refers to __rtentry2.o(.ARM.Collect$$rtentry$$0000000B) for .ARM.Collect$$rtentry$$0000000B
    __rtentry2.o(.ARM.exidx) refers to __rtentry2.o(.ARM.Collect$$rtentry$$0000000D) for .ARM.Collect$$rtentry$$0000000D
    __rtentry4.o(.ARM.Collect$$rtentry$$00000004) refers to sys_stackheap_outer.o(.text) for __user_setup_stackheap
    __rtentry4.o(.ARM.exidx) refers to __rtentry4.o(.ARM.Collect$$rtentry$$00000004) for .ARM.Collect$$rtentry$$00000004
    rt_div0.o(.text) refers to defsig_fpe_outer.o(.text) for __rt_SIGFPE
    sys_stackheap_outer.o(.text) refers to libspace.o(.text) for __user_perproc_libspace
    sys_stackheap_outer.o(.text) refers to startup_mspm0g350x_uvision.o(.text) for __user_initial_stackheap
    sys_stackheap_outer.o(__vectab_stack_and_reset_area) refers to tempstk.o(.text) for __temporary_stack_top
    sys_stackheap_outer.o(__vectab_stack_and_reset_area) refers to __main.o(!!!main) for __main
    exit.o(.text) refers to rtexit.o(.ARM.Collect$$rtexit$$00000000) for __rt_exit
    defsig_fpe_outer.o(.text) refers to defsig_fpe_inner.o(.text) for __rt_SIGFPE_inner
    defsig_fpe_outer.o(.text) refers to defsig_exit.o(.text) for __sig_exit
    defsig_fpe_formal.o(.text) refers to rt_raise.o(.text) for __rt_raise
    libinit.o(.ARM.Collect$$libinit$$00000000) refers (Special) to libinit2.o(.ARM.Collect$$libinit$$00000030) for __rt_lib_init_alloca_1
    libinit.o(.ARM.Collect$$libinit$$00000000) refers (Special) to libinit2.o(.ARM.Collect$$libinit$$0000002E) for __rt_lib_init_argv_1
    libinit.o(.ARM.Collect$$libinit$$00000000) refers (Special) to libinit2.o(.ARM.Collect$$libinit$$0000001D) for __rt_lib_init_atexit_1
    libinit.o(.ARM.Collect$$libinit$$00000000) refers (Special) to libinit2.o(.ARM.Collect$$libinit$$00000023) for __rt_lib_init_clock_1
    libinit.o(.ARM.Collect$$libinit$$00000000) refers (Special) to libinit2.o(.ARM.Collect$$libinit$$00000034) for __rt_lib_init_cpp_1
    libinit.o(.ARM.Collect$$libinit$$00000000) refers (Special) to libinit2.o(.ARM.Collect$$libinit$$00000032) for __rt_lib_init_exceptions_1
    libinit.o(.ARM.Collect$$libinit$$00000000) refers (Special) to libinit2.o(.ARM.Collect$$libinit$$00000002) for __rt_lib_init_fp_1
    libinit.o(.ARM.Collect$$libinit$$00000000) refers (Special) to libinit2.o(.ARM.Collect$$libinit$$00000021) for __rt_lib_init_fp_trap_1
    libinit.o(.ARM.Collect$$libinit$$00000000) refers (Special) to libinit2.o(.ARM.Collect$$libinit$$00000025) for __rt_lib_init_getenv_1
    libinit.o(.ARM.Collect$$libinit$$00000000) refers (Special) to libinit2.o(.ARM.Collect$$libinit$$0000000C) for __rt_lib_init_heap_1
    libinit.o(.ARM.Collect$$libinit$$00000000) refers (Special) to libinit2.o(.ARM.Collect$$libinit$$00000013) for __rt_lib_init_lc_collate_1
    libinit.o(.ARM.Collect$$libinit$$00000000) refers (Special) to libinit2.o(.ARM.Collect$$libinit$$00000015) for __rt_lib_init_lc_ctype_1
    libinit.o(.ARM.Collect$$libinit$$00000000) refers (Special) to libinit2.o(.ARM.Collect$$libinit$$00000017) for __rt_lib_init_lc_monetary_1
    libinit.o(.ARM.Collect$$libinit$$00000000) refers (Special) to libinit2.o(.ARM.Collect$$libinit$$00000019) for __rt_lib_init_lc_numeric_1
    libinit.o(.ARM.Collect$$libinit$$00000000) refers (Special) to libinit2.o(.ARM.Collect$$libinit$$0000001B) for __rt_lib_init_lc_time_1
    libinit.o(.ARM.Collect$$libinit$$00000000) refers (Special) to libinit2.o(.ARM.Collect$$libinit$$00000006) for __rt_lib_init_preinit_1
    libinit.o(.ARM.Collect$$libinit$$00000000) refers (Special) to libinit2.o(.ARM.Collect$$libinit$$00000010) for __rt_lib_init_rand_1
    libinit.o(.ARM.Collect$$libinit$$00000000) refers (Special) to libinit2.o(.ARM.Collect$$libinit$$00000004) for __rt_lib_init_relocate_pie_1
    libinit.o(.ARM.Collect$$libinit$$00000000) refers (Special) to libinit2.o(.ARM.Collect$$libinit$$00000035) for __rt_lib_init_return
    libinit.o(.ARM.Collect$$libinit$$00000000) refers (Special) to libinit2.o(.ARM.Collect$$libinit$$0000001F) for __rt_lib_init_signal_1
    libinit.o(.ARM.Collect$$libinit$$00000000) refers (Special) to libinit2.o(.ARM.Collect$$libinit$$00000027) for __rt_lib_init_stdio_1
    libinit.o(.ARM.Collect$$libinit$$00000000) refers (Special) to libinit2.o(.ARM.Collect$$libinit$$0000000E) for __rt_lib_init_user_alloc_1
    libspace.o(.text) refers to libspace.o(.bss) for __libspace_start
    rtexit.o(.ARM.Collect$$rtexit$$00000000) refers (Special) to rtexit2.o(.ARM.Collect$$rtexit$$00000004) for __rt_exit_exit
    rtexit.o(.ARM.Collect$$rtexit$$00000000) refers (Special) to rtexit2.o(.ARM.Collect$$rtexit$$00000003) for __rt_exit_ls
    rtexit.o(.ARM.Collect$$rtexit$$00000000) refers (Special) to rtexit2.o(.ARM.Collect$$rtexit$$00000002) for __rt_exit_prels_1
    rtexit.o(.ARM.exidx) refers (Special) to rtexit2.o(.ARM.Collect$$rtexit$$00000004) for __rt_exit_exit
    rtexit.o(.ARM.exidx) refers (Special) to rtexit2.o(.ARM.Collect$$rtexit$$00000003) for __rt_exit_ls
    rtexit.o(.ARM.exidx) refers (Special) to rtexit2.o(.ARM.Collect$$rtexit$$00000002) for __rt_exit_prels_1
    rtexit.o(.ARM.exidx) refers to rtexit.o(.ARM.Collect$$rtexit$$00000000) for .ARM.Collect$$rtexit$$00000000
    rt_raise.o(.text) refers to __raise.o(.text) for __raise
    rt_raise.o(.text) refers to board.o(.text._sys_exit) for _sys_exit
    defsig_exit.o(.text) refers to board.o(.text._sys_exit) for _sys_exit
    defsig_fpe_inner.o(.text) refers to defsig_general.o(.text) for __default_signal_display
    libinit2.o(.ARM.Collect$$libinit$$00000012) refers to libinit2.o(.ARM.Collect$$libinit$$00000011) for .ARM.Collect$$libinit$$00000011
    libinit2.o(.ARM.Collect$$libinit$$00000014) refers to libinit2.o(.ARM.Collect$$libinit$$00000011) for .ARM.Collect$$libinit$$00000011
    libinit2.o(.ARM.Collect$$libinit$$00000016) refers to libinit2.o(.ARM.Collect$$libinit$$00000011) for .ARM.Collect$$libinit$$00000011
    libinit2.o(.ARM.Collect$$libinit$$00000018) refers to libinit2.o(.ARM.Collect$$libinit$$00000011) for .ARM.Collect$$libinit$$00000011
    libinit2.o(.ARM.Collect$$libinit$$0000001A) refers to libinit2.o(.ARM.Collect$$libinit$$00000011) for .ARM.Collect$$libinit$$00000011
    libinit2.o(.ARM.Collect$$libinit$$00000028) refers to argv_veneer.o(.text) for __ARM_argv_veneer
    libinit2.o(.ARM.Collect$$libinit$$00000029) refers to argv_veneer.o(.text) for __ARM_argv_veneer
    rtexit2.o(.ARM.Collect$$rtexit$$00000003) refers to libshutdown.o(.ARM.Collect$$libshutdown$$00000000) for __rt_lib_shutdown
    rtexit2.o(.ARM.Collect$$rtexit$$00000004) refers to board.o(.text._sys_exit) for _sys_exit
    rtexit2.o(.ARM.exidx) refers to rtexit2.o(.ARM.Collect$$rtexit$$00000001) for .ARM.Collect$$rtexit$$00000001
    rtexit2.o(.ARM.exidx) refers to rtexit2.o(.ARM.Collect$$rtexit$$00000003) for .ARM.Collect$$rtexit$$00000003
    rtexit2.o(.ARM.exidx) refers to rtexit2.o(.ARM.Collect$$rtexit$$00000004) for .ARM.Collect$$rtexit$$00000004
    __raise.o(.text) refers to defsig.o(CL$$defsig) for __default_signal_handler
    defsig_general.o(.text) refers to sys_wrch.o(.text) for _ttywrch
    sys_wrch.o(.text) refers (Special) to use_no_semi.o(.text) for __I$use$semihosting
    sys_wrch.o(.text) refers (Special) to indicate_semi.o(.text) for __semihosting_library_function
    sys_wrch_hlt.o(.text) refers (Special) to use_no_semi.o(.text) for __I$use$semihosting
    sys_wrch_hlt.o(.text) refers (Special) to indicate_semi.o(.text) for __semihosting_library_function
    defsig.o(CL$$defsig) refers to defsig_fpe_inner.o(.text) for __rt_SIGFPE_inner
    defsig.o(CL$$defsig) refers to defsig_rtmem_inner.o(.text) for __rt_SIGRTMEM_inner
    _get_argv_nomalloc.o(.text) refers (Special) to hrguard.o(.text) for __heap_region$guard
    _get_argv_nomalloc.o(.text) refers to defsig_rtmem_outer.o(.text) for __rt_SIGRTMEM
    _get_argv_nomalloc.o(.text) refers to sys_command.o(.text) for _sys_command_string
    libshutdown.o(.ARM.Collect$$libshutdown$$00000000) refers (Special) to libshutdown2.o(.ARM.Collect$$libshutdown$$00000002) for __rt_lib_shutdown_cpp_1
    libshutdown.o(.ARM.Collect$$libshutdown$$00000000) refers (Special) to libshutdown2.o(.ARM.Collect$$libshutdown$$00000007) for __rt_lib_shutdown_fp_trap_1
    libshutdown.o(.ARM.Collect$$libshutdown$$00000000) refers (Special) to libshutdown2.o(.ARM.Collect$$libshutdown$$0000000F) for __rt_lib_shutdown_heap_1
    libshutdown.o(.ARM.Collect$$libshutdown$$00000000) refers (Special) to libshutdown2.o(.ARM.Collect$$libshutdown$$00000010) for __rt_lib_shutdown_return
    libshutdown.o(.ARM.Collect$$libshutdown$$00000000) refers (Special) to libshutdown2.o(.ARM.Collect$$libshutdown$$0000000A) for __rt_lib_shutdown_signal_1
    libshutdown.o(.ARM.Collect$$libshutdown$$00000000) refers (Special) to libshutdown2.o(.ARM.Collect$$libshutdown$$00000004) for __rt_lib_shutdown_stdio_1
    libshutdown.o(.ARM.Collect$$libshutdown$$00000000) refers (Special) to libshutdown2.o(.ARM.Collect$$libshutdown$$0000000C) for __rt_lib_shutdown_user_alloc_1
    sys_command.o(.text) refers (Special) to use_no_semi.o(.text) for __I$use$semihosting
    sys_command.o(.text) refers (Special) to indicate_semi.o(.text) for __semihosting_library_function
    sys_command_hlt.o(.text) refers (Special) to use_no_semi.o(.text) for __I$use$semihosting
    sys_command_hlt.o(.text) refers (Special) to indicate_semi.o(.text) for __semihosting_library_function
    defsig_abrt_inner.o(.text) refers to defsig_general.o(.text) for __default_signal_display
    defsig_rtred_inner.o(.text) refers to defsig_general.o(.text) for __default_signal_display
    defsig_rtmem_inner.o(.text) refers to defsig_general.o(.text) for __default_signal_display
    defsig_rtmem_outer.o(.text) refers to defsig_rtmem_inner.o(.text) for __rt_SIGRTMEM_inner
    defsig_rtmem_outer.o(.text) refers to defsig_exit.o(.text) for __sig_exit
    defsig_rtmem_formal.o(.text) refers to rt_raise.o(.text) for __rt_raise
    defsig_stak_inner.o(.text) refers to defsig_general.o(.text) for __default_signal_display
    defsig_pvfn_inner.o(.text) refers to defsig_general.o(.text) for __default_signal_display
    defsig_cppl_inner.o(.text) refers to defsig_general.o(.text) for __default_signal_display
    defsig_segv_inner.o(.text) refers to defsig_general.o(.text) for __default_signal_display
    defsig_other.o(.text) refers to defsig_general.o(.text) for __default_signal_display


==============================================================================

Removing Unused input sections from the image.

    Removing empty.o(.text), (0 bytes).
    Removing empty.o(.ARM.exidx.text.main), (8 bytes).
    Removing empty.o(.ARM.use_no_argv), (4 bytes).
    Removing ti_msp_dl_config.o(.text), (0 bytes).
    Removing ti_msp_dl_config.o(.ARM.exidx.text.SYSCFG_DL_init), (8 bytes).
    Removing ti_msp_dl_config.o(.ARM.exidx.text.SYSCFG_DL_initPower), (8 bytes).
    Removing ti_msp_dl_config.o(.ARM.exidx.text.SYSCFG_DL_GPIO_init), (8 bytes).
    Removing ti_msp_dl_config.o(.ARM.exidx.text.SYSCFG_DL_SYSCTL_init), (8 bytes).
    Removing ti_msp_dl_config.o(.ARM.exidx.text.SYSCFG_DL_UART_0_init), (8 bytes).
    Removing ti_msp_dl_config.o(.ARM.exidx.text.SYSCFG_DL_SYSTICK_init), (8 bytes).
    Removing board.o(.text), (0 bytes).
    Removing board.o(.ARM.exidx.text.board_init), (8 bytes).
    Removing board.o(.text.delay_us), (68 bytes).
    Removing board.o(.ARM.exidx.text.delay_us), (8 bytes).
    Removing board.o(.ARM.exidx.text.delay_ms), (8 bytes).
    Removing board.o(.text.delay_1us), (68 bytes).
    Removing board.o(.ARM.exidx.text.delay_1us), (8 bytes).
    Removing board.o(.text.delay_1ms), (72 bytes).
    Removing board.o(.ARM.exidx.text.delay_1ms), (8 bytes).
    Removing board.o(.text.uart0_send_char), (36 bytes).
    Removing board.o(.ARM.exidx.text.uart0_send_char), (8 bytes).
    Removing board.o(.text.uart0_send_string), (56 bytes).
    Removing board.o(.ARM.exidx.text.uart0_send_string), (8 bytes).
    Removing board.o(.ARM.exidx.text._sys_exit), (8 bytes).
    Removing board.o(.ARM.exidx.text.fputc), (8 bytes).
    Removing board.o(.ARM.exidx.text.UART0_IRQHandler), (8 bytes).
    Removing lcd.o(.text), (0 bytes).
    Removing lcd.o(.ARM.exidx.text.LCD_Fill), (8 bytes).
    Removing lcd.o(.text.LCD_DrawPoint), (20 bytes).
    Removing lcd.o(.ARM.exidx.text.LCD_DrawPoint), (8 bytes).
    Removing lcd.o(.text.LCD_DrawLine), (176 bytes).
    Removing lcd.o(.ARM.exidx.text.LCD_DrawLine), (8 bytes).
    Removing lcd.o(.text.LCD_DrawRectangle), (296 bytes).
    Removing lcd.o(.ARM.exidx.text.LCD_DrawRectangle), (8 bytes).
    Removing lcd.o(.text.Draw_Circle), (264 bytes).
    Removing lcd.o(.ARM.exidx.text.Draw_Circle), (8 bytes).
    Removing lcd.o(.text.LCD_ShowChinese), (178 bytes).
    Removing lcd.o(.ARM.exidx.text.LCD_ShowChinese), (8 bytes).
    Removing lcd.o(.text.LCD_ShowChinese12x12), (256 bytes).
    Removing lcd.o(.ARM.exidx.text.LCD_ShowChinese12x12), (8 bytes).
    Removing lcd.o(.text.LCD_ShowChinese16x16), (256 bytes).
    Removing lcd.o(.ARM.exidx.text.LCD_ShowChinese16x16), (8 bytes).
    Removing lcd.o(.text.LCD_ShowChinese24x24), (256 bytes).
    Removing lcd.o(.ARM.exidx.text.LCD_ShowChinese24x24), (8 bytes).
    Removing lcd.o(.text.LCD_ShowChinese32x32), (256 bytes).
    Removing lcd.o(.ARM.exidx.text.LCD_ShowChinese32x32), (8 bytes).
    Removing lcd.o(.ARM.exidx.text.LCD_ShowChar), (8 bytes).
    Removing lcd.o(.ARM.exidx.text.LCD_ShowString), (8 bytes).
    Removing lcd.o(.text.mypow), (68 bytes).
    Removing lcd.o(.ARM.exidx.text.mypow), (8 bytes).
    Removing lcd.o(.ARM.exidx.text.LCD_ShowIntNum), (8 bytes).
    Removing lcd.o(.ARM.exidx.text.LCD_ShowFloatNum1), (8 bytes).
    Removing lcd.o(.ARM.exidx.text.LCD_ShowPicture), (8 bytes).
    Removing lcd.o(.rodata.tfont12), (130 bytes).
    Removing lcd.o(.rodata.tfont16), (170 bytes).
    Removing lcd.o(.rodata.tfont24), (370 bytes).
    Removing lcd.o(.rodata.tfont32), (650 bytes).
    Removing lcd_init.o(.text), (0 bytes).
    Removing lcd_init.o(.text.LCD_GPIO_Init), (2 bytes).
    Removing lcd_init.o(.ARM.exidx.text.LCD_GPIO_Init), (8 bytes).
    Removing lcd_init.o(.text.LCD_Writ_Bus), (140 bytes).
    Removing lcd_init.o(.ARM.exidx.text.LCD_Writ_Bus), (8 bytes).
    Removing lcd_init.o(.ARM.exidx.text.LCD_WR_DATA8), (8 bytes).
    Removing lcd_init.o(.ARM.exidx.text.LCD_WR_DATA), (8 bytes).
    Removing lcd_init.o(.text.LCD_WR_REG), (144 bytes).
    Removing lcd_init.o(.ARM.exidx.text.LCD_WR_REG), (8 bytes).
    Removing lcd_init.o(.ARM.exidx.text.LCD_Address_Set), (8 bytes).
    Removing lcd_init.o(.ARM.exidx.text.LCD_Init), (8 bytes).
    Removing zk.o(.text), (0 bytes).
    Removing zk.o(.text.ZK_command), (132 bytes).
    Removing zk.o(.ARM.exidx.text.ZK_command), (8 bytes).
    Removing zk.o(.text.get_data_from_ROM), (144 bytes).
    Removing zk.o(.ARM.exidx.text.get_data_from_ROM), (8 bytes).
    Removing zk.o(.ARM.exidx.text.get_n_bytes_data_from_ROM), (8 bytes).
    Removing zk.o(.ARM.exidx.text.Display_GB2312), (8 bytes).
    Removing zk.o(.ARM.exidx.text.Display_GB2312_String), (8 bytes).
    Removing zk.o(.ARM.exidx.text.Display_Asc), (8 bytes).
    Removing zk.o(.ARM.exidx.text.Display_Asc_String), (8 bytes).
    Removing zk.o(.ARM.exidx.text.Display_Arial_TimesNewRoman), (8 bytes).
    Removing zk.o(.ARM.exidx.text.Display_Arial_String), (8 bytes).
    Removing zk.o(.ARM.exidx.text.Display_TimesNewRoman_String), (8 bytes).
    Removing dl_common.o(.text), (0 bytes).
    Removing dl_common.o(.ARM.exidx.text.DL_Common_delayCycles), (8 bytes).
    Removing dl_uart.o(.text), (0 bytes).
    Removing dl_uart.o(.ARM.exidx.text.DL_UART_init), (8 bytes).
    Removing dl_uart.o(.ARM.exidx.text.DL_UART_setClockConfig), (8 bytes).
    Removing dl_uart.o(.text.DL_UART_getClockConfig), (16 bytes).
    Removing dl_uart.o(.ARM.exidx.text.DL_UART_getClockConfig), (8 bytes).
    Removing dl_uart.o(.text.DL_UART_configBaudRate), (140 bytes).
    Removing dl_uart.o(.ARM.exidx.text.DL_UART_configBaudRate), (8 bytes).
    Removing dl_uart.o(.text.DL_UART_configIrDAMode), (60 bytes).
    Removing dl_uart.o(.ARM.exidx.text.DL_UART_configIrDAMode), (8 bytes).
    Removing dl_uart.o(.text.DL_UART_setIrDAPulseLength), (42 bytes).
    Removing dl_uart.o(.ARM.exidx.text.DL_UART_setIrDAPulseLength), (8 bytes).
    Removing dl_uart.o(.text.DL_UART_receiveDataBlocking), (20 bytes).
    Removing dl_uart.o(.ARM.exidx.text.DL_UART_receiveDataBlocking), (8 bytes).
    Removing dl_uart.o(.text.DL_UART_transmitDataBlocking), (24 bytes).
    Removing dl_uart.o(.ARM.exidx.text.DL_UART_transmitDataBlocking), (8 bytes).
    Removing dl_uart.o(.text.DL_UART_receiveDataCheck), (28 bytes).
    Removing dl_uart.o(.ARM.exidx.text.DL_UART_receiveDataCheck), (8 bytes).
    Removing dl_uart.o(.text.DL_UART_transmitDataCheck), (24 bytes).
    Removing dl_uart.o(.ARM.exidx.text.DL_UART_transmitDataCheck), (8 bytes).
    Removing dl_uart.o(.text.DL_UART_drainRXFIFO), (40 bytes).
    Removing dl_uart.o(.ARM.exidx.text.DL_UART_drainRXFIFO), (8 bytes).
    Removing dl_uart.o(.text.DL_UART_fillTXFIFO), (40 bytes).
    Removing dl_uart.o(.ARM.exidx.text.DL_UART_fillTXFIFO), (8 bytes).
    Removing dl_uart.o(.text.DL_UART_Main_saveConfiguration), (88 bytes).
    Removing dl_uart.o(.ARM.exidx.text.DL_UART_Main_saveConfiguration), (8 bytes).
    Removing dl_uart.o(.text.DL_UART_Main_restoreConfiguration), (120 bytes).
    Removing dl_uart.o(.ARM.exidx.text.DL_UART_Main_restoreConfiguration), (8 bytes).
    Removing dl_uart.o(.text.DL_UART_Extend_saveConfiguration), (104 bytes).
    Removing dl_uart.o(.ARM.exidx.text.DL_UART_Extend_saveConfiguration), (8 bytes).
    Removing dl_uart.o(.text.DL_UART_Extend_restoreConfiguration), (132 bytes).
    Removing dl_uart.o(.ARM.exidx.text.DL_UART_Extend_restoreConfiguration), (8 bytes).

114 unused section(s) (total 5626 bytes) removed from the image.

==============================================================================

Image Symbol Table

    Local Symbols

    Symbol Name                              Value     Ov Type        Size  Object(Section)

    ../clib/angel/boardlib.s                 0x00000000   Number         0  boardinit1.o ABSOLUTE
    ../clib/angel/boardlib.s                 0x00000000   Number         0  boardinit2.o ABSOLUTE
    ../clib/angel/boardlib.s                 0x00000000   Number         0  boardinit3.o ABSOLUTE
    ../clib/angel/boardlib.s                 0x00000000   Number         0  boardshut.o ABSOLUTE
    ../clib/angel/handlers.s                 0x00000000   Number         0  __scatter_zi.o ABSOLUTE
    ../clib/angel/kernel.s                   0x00000000   Number         0  __rtentry.o ABSOLUTE
    ../clib/angel/kernel.s                   0x00000000   Number         0  __rtentry2.o ABSOLUTE
    ../clib/angel/kernel.s                   0x00000000   Number         0  __rtentry4.o ABSOLUTE
    ../clib/angel/kernel.s                   0x00000000   Number         0  rtexit.o ABSOLUTE
    ../clib/angel/kernel.s                   0x00000000   Number         0  rtexit2.o ABSOLUTE
    ../clib/angel/rt.s                       0x00000000   Number         0  aeabi_idiv0.o ABSOLUTE
    ../clib/angel/rt.s                       0x00000000   Number         0  aeabi_idiv0_sigfpe.o ABSOLUTE
    ../clib/angel/rt.s                       0x00000000   Number         0  rt_div0.o ABSOLUTE
    ../clib/angel/rt.s                       0x00000000   Number         0  rt_raise.o ABSOLUTE
    ../clib/angel/scatterp.s                 0x00000000   Number         0  __scatter.o ABSOLUTE
    ../clib/angel/startup.s                  0x00000000   Number         0  __main.o ABSOLUTE
    ../clib/angel/sys.s                      0x00000000   Number         0  sys_stackheap_outer.o ABSOLUTE
    ../clib/angel/sys.s                      0x00000000   Number         0  libspace.o ABSOLUTE
    ../clib/angel/sys.s                      0x00000000   Number         0  tempstk.o ABSOLUTE
    ../clib/angel/sys.s                      0x00000000   Number         0  use_no_semi.o ABSOLUTE
    ../clib/angel/sys.s                      0x00000000   Number         0  indicate_semi.o ABSOLUTE
    ../clib/angel/sysapp.c                   0x00000000   Number         0  sys_wrch.o ABSOLUTE
    ../clib/angel/sysapp.c                   0x00000000   Number         0  sys_wrch_hlt.o ABSOLUTE
    ../clib/angel/sysapp.c                   0x00000000   Number         0  sys_command.o ABSOLUTE
    ../clib/angel/sysapp.c                   0x00000000   Number         0  sys_command_hlt.o ABSOLUTE
    ../clib/armsys.c                         0x00000000   Number         0  argv_veneer.o ABSOLUTE
    ../clib/armsys.c                         0x00000000   Number         0  _get_argv_nomalloc.o ABSOLUTE
    ../clib/armsys.c                         0x00000000   Number         0  no_argv.o ABSOLUTE
    ../clib/division.s                       0x00000000   Number         0  aeabi_sdivfast.o ABSOLUTE
    ../clib/division.s                       0x00000000   Number         0  aeabi_sdivfast_div0.o ABSOLUTE
    ../clib/heapalloc.c                      0x00000000   Number         0  hrguard.o ABSOLUTE
    ../clib/heapaux.c                        0x00000000   Number         0  heapauxi.o ABSOLUTE
    ../clib/libinit.s                        0x00000000   Number         0  libinit.o ABSOLUTE
    ../clib/libinit.s                        0x00000000   Number         0  libinit2.o ABSOLUTE
    ../clib/libinit.s                        0x00000000   Number         0  libshutdown.o ABSOLUTE
    ../clib/libinit.s                        0x00000000   Number         0  libshutdown2.o ABSOLUTE
    ../clib/signal.c                         0x00000000   Number         0  defsig_fpe_outer.o ABSOLUTE
    ../clib/signal.c                         0x00000000   Number         0  defsig_fpe_formal.o ABSOLUTE
    ../clib/signal.c                         0x00000000   Number         0  defsig_exit.o ABSOLUTE
    ../clib/signal.c                         0x00000000   Number         0  defsig_fpe_inner.o ABSOLUTE
    ../clib/signal.c                         0x00000000   Number         0  __raise.o ABSOLUTE
    ../clib/signal.c                         0x00000000   Number         0  defsig_general.o ABSOLUTE
    ../clib/signal.c                         0x00000000   Number         0  defsig_abrt_inner.o ABSOLUTE
    ../clib/signal.c                         0x00000000   Number         0  defsig_rtred_inner.o ABSOLUTE
    ../clib/signal.c                         0x00000000   Number         0  defsig_rtmem_inner.o ABSOLUTE
    ../clib/signal.c                         0x00000000   Number         0  defsig_rtmem_outer.o ABSOLUTE
    ../clib/signal.c                         0x00000000   Number         0  defsig_rtmem_formal.o ABSOLUTE
    ../clib/signal.c                         0x00000000   Number         0  defsig_stak_inner.o ABSOLUTE
    ../clib/signal.c                         0x00000000   Number         0  defsig_pvfn_inner.o ABSOLUTE
    ../clib/signal.c                         0x00000000   Number         0  defsig_cppl_inner.o ABSOLUTE
    ../clib/signal.c                         0x00000000   Number         0  defsig_segv_inner.o ABSOLUTE
    ../clib/signal.c                         0x00000000   Number         0  defsig_other.o ABSOLUTE
    ../clib/signal.s                         0x00000000   Number         0  defsig.o ABSOLUTE
    ../clib/stdio.c                          0x00000000   Number         0  puts.o ABSOLUTE
    ../clib/stdlib.c                         0x00000000   Number         0  exit.o ABSOLUTE
    ../fplib/cfplib/ffix.c                   0x00000000   Number         0  ffixi.o ABSOLUTE
    ../fplib/cfplib/fpinit.c                 0x00000000   Number         0  fpinit.o ABSOLUTE
    ../fplib/fmul6m.s                        0x00000000   Number         0  fmul.o ABSOLUTE
    ../fplib/usenofp.s                       0x00000000   Number         0  usenofp.o ABSOLUTE
    board.c                                  0x00000000   Number         0  board.o ABSOLUTE
    dc.s                                     0x00000000   Number         0  dc.o ABSOLUTE
    dl_common.c                              0x00000000   Number         0  dl_common.o ABSOLUTE
    dl_uart.c                                0x00000000   Number         0  dl_uart.o ABSOLUTE
    empty.c                                  0x00000000   Number         0  empty.o ABSOLUTE
    lcd.c                                    0x00000000   Number         0  lcd.o ABSOLUTE
    lcd_init.c                               0x00000000   Number         0  lcd_init.o ABSOLUTE
    startup_mspm0g350x_uvision.s             0x00000000   Number         0  startup_mspm0g350x_uvision.o ABSOLUTE
    ti_msp_dl_config.c                       0x00000000   Number         0  ti_msp_dl_config.o ABSOLUTE
    zk.c                                     0x00000000   Number         0  zk.o ABSOLUTE
    RESET                                    0x00000000   Section      192  startup_mspm0g350x_uvision.o(RESET)
    !!!main                                  0x000000c0   Section        8  __main.o(!!!main)
    !!!scatter                               0x000000c8   Section       84  __scatter.o(!!!scatter)
    !!handler_null                           0x00000120   Section        2  __scatter.o(!!handler_null)
    !!handler_zi                             0x00000128   Section       28  __scatter_zi.o(!!handler_zi)
    .ARM.Collect$$libinit$$00000000          0x00000144   Section        2  libinit.o(.ARM.Collect$$libinit$$00000000)
    .ARM.Collect$$libinit$$00000002          0x00000146   Section        0  libinit2.o(.ARM.Collect$$libinit$$00000002)
    .ARM.Collect$$libinit$$00000004          0x00000146   Section        0  libinit2.o(.ARM.Collect$$libinit$$00000004)
    .ARM.Collect$$libinit$$00000006          0x00000146   Section        0  libinit2.o(.ARM.Collect$$libinit$$00000006)
    .ARM.Collect$$libinit$$0000000C          0x00000146   Section        0  libinit2.o(.ARM.Collect$$libinit$$0000000C)
    .ARM.Collect$$libinit$$0000000E          0x00000146   Section        0  libinit2.o(.ARM.Collect$$libinit$$0000000E)
    .ARM.Collect$$libinit$$00000010          0x00000146   Section        0  libinit2.o(.ARM.Collect$$libinit$$00000010)
    .ARM.Collect$$libinit$$00000013          0x00000146   Section        0  libinit2.o(.ARM.Collect$$libinit$$00000013)
    .ARM.Collect$$libinit$$00000015          0x00000146   Section        0  libinit2.o(.ARM.Collect$$libinit$$00000015)
    .ARM.Collect$$libinit$$00000017          0x00000146   Section        0  libinit2.o(.ARM.Collect$$libinit$$00000017)
    .ARM.Collect$$libinit$$00000019          0x00000146   Section        0  libinit2.o(.ARM.Collect$$libinit$$00000019)
    .ARM.Collect$$libinit$$0000001B          0x00000146   Section        0  libinit2.o(.ARM.Collect$$libinit$$0000001B)
    .ARM.Collect$$libinit$$0000001D          0x00000146   Section        0  libinit2.o(.ARM.Collect$$libinit$$0000001D)
    .ARM.Collect$$libinit$$0000001F          0x00000146   Section        0  libinit2.o(.ARM.Collect$$libinit$$0000001F)
    .ARM.Collect$$libinit$$00000021          0x00000146   Section        0  libinit2.o(.ARM.Collect$$libinit$$00000021)
    .ARM.Collect$$libinit$$00000023          0x00000146   Section        0  libinit2.o(.ARM.Collect$$libinit$$00000023)
    .ARM.Collect$$libinit$$00000025          0x00000146   Section        0  libinit2.o(.ARM.Collect$$libinit$$00000025)
    .ARM.Collect$$libinit$$00000027          0x00000146   Section        0  libinit2.o(.ARM.Collect$$libinit$$00000027)
    .ARM.Collect$$libinit$$0000002E          0x00000146   Section        0  libinit2.o(.ARM.Collect$$libinit$$0000002E)
    .ARM.Collect$$libinit$$00000030          0x00000146   Section        0  libinit2.o(.ARM.Collect$$libinit$$00000030)
    .ARM.Collect$$libinit$$00000032          0x00000146   Section        0  libinit2.o(.ARM.Collect$$libinit$$00000032)
    .ARM.Collect$$libinit$$00000034          0x00000146   Section        0  libinit2.o(.ARM.Collect$$libinit$$00000034)
    .ARM.Collect$$libinit$$00000035          0x00000146   Section        2  libinit2.o(.ARM.Collect$$libinit$$00000035)
    .ARM.Collect$$libshutdown$$00000000      0x00000148   Section        2  libshutdown.o(.ARM.Collect$$libshutdown$$00000000)
    .ARM.Collect$$libshutdown$$00000002      0x0000014a   Section        0  libshutdown2.o(.ARM.Collect$$libshutdown$$00000002)
    .ARM.Collect$$libshutdown$$00000004      0x0000014a   Section        0  libshutdown2.o(.ARM.Collect$$libshutdown$$00000004)
    .ARM.Collect$$libshutdown$$00000007      0x0000014a   Section        0  libshutdown2.o(.ARM.Collect$$libshutdown$$00000007)
    .ARM.Collect$$libshutdown$$0000000A      0x0000014a   Section        0  libshutdown2.o(.ARM.Collect$$libshutdown$$0000000A)
    .ARM.Collect$$libshutdown$$0000000C      0x0000014a   Section        0  libshutdown2.o(.ARM.Collect$$libshutdown$$0000000C)
    .ARM.Collect$$libshutdown$$0000000F      0x0000014a   Section        0  libshutdown2.o(.ARM.Collect$$libshutdown$$0000000F)
    .ARM.Collect$$libshutdown$$00000010      0x0000014a   Section        2  libshutdown2.o(.ARM.Collect$$libshutdown$$00000010)
    .ARM.Collect$$rtentry$$00000000          0x0000014c   Section        0  __rtentry.o(.ARM.Collect$$rtentry$$00000000)
    .ARM.Collect$$rtentry$$00000002          0x0000014c   Section        0  __rtentry2.o(.ARM.Collect$$rtentry$$00000002)
    .ARM.Collect$$rtentry$$00000004          0x0000014c   Section        6  __rtentry4.o(.ARM.Collect$$rtentry$$00000004)
    .ARM.Collect$$rtentry$$00000009          0x00000152   Section        0  __rtentry2.o(.ARM.Collect$$rtentry$$00000009)
    .ARM.Collect$$rtentry$$0000000A          0x00000152   Section        4  __rtentry2.o(.ARM.Collect$$rtentry$$0000000A)
    .ARM.Collect$$rtentry$$0000000C          0x00000156   Section        0  __rtentry2.o(.ARM.Collect$$rtentry$$0000000C)
    .ARM.Collect$$rtentry$$0000000D          0x00000156   Section        8  __rtentry2.o(.ARM.Collect$$rtentry$$0000000D)
    .ARM.Collect$$rtexit$$00000000           0x0000015e   Section        2  rtexit.o(.ARM.Collect$$rtexit$$00000000)
    .ARM.Collect$$rtexit$$00000002           0x00000160   Section        0  rtexit2.o(.ARM.Collect$$rtexit$$00000002)
    .ARM.Collect$$rtexit$$00000003           0x00000160   Section        4  rtexit2.o(.ARM.Collect$$rtexit$$00000003)
    .ARM.Collect$$rtexit$$00000004           0x00000164   Section        6  rtexit2.o(.ARM.Collect$$rtexit$$00000004)
    .text                                    0x0000016c   Section       44  startup_mspm0g350x_uvision.o(.text)
    .text                                    0x00000198   Section        0  puts.o(.text)
    .text                                    0x000001c4   Section      504  aeabi_sdivfast.o(.text)
    .text                                    0x000003bc   Section        0  heapauxi.o(.text)
    .text                                    0x000003c2   Section        0  ffixi.o(.text)
    .text                                    0x0000040e   Section       62  sys_stackheap_outer.o(.text)
    .text                                    0x0000044c   Section        0  exit.o(.text)
    .text                                    0x0000045c   Section        8  libspace.o(.text)
    [Anonymous Symbol]                       0x00000464   Section        0  dl_common.o(.text.DL_Common_delayCycles)
    [Anonymous Symbol]                       0x00000470   Section        0  dl_uart.o(.text.DL_UART_init)
    __arm_cp.0_0                             0x000004b0   Number         4  dl_uart.o(.text.DL_UART_init)
    __arm_cp.0_1                             0x000004b4   Number         4  dl_uart.o(.text.DL_UART_init)
    [Anonymous Symbol]                       0x000004b8   Section        0  dl_uart.o(.text.DL_UART_setClockConfig)
    [Anonymous Symbol]                       0x000004cc   Section        0  zk.o(.text.Display_Arial_String)
    __arm_cp.8_0                             0x00000558   Number         4  zk.o(.text.Display_Arial_String)
    __arm_cp.8_1                             0x0000055c   Number         4  zk.o(.text.Display_Arial_String)
    [Anonymous Symbol]                       0x00000578   Section        0  zk.o(.text.Display_Arial_TimesNewRoman)
    [Anonymous Symbol]                       0x0000070c   Section        0  zk.o(.text.Display_Asc)
    __arm_cp.5_0                             0x000008f4   Number         4  zk.o(.text.Display_Asc)
    [Anonymous Symbol]                       0x000008f8   Section        0  zk.o(.text.Display_Asc_String)
    __arm_cp.6_0                             0x00000a14   Number         4  zk.o(.text.Display_Asc_String)
    __arm_cp.6_1                             0x00000a18   Number         4  zk.o(.text.Display_Asc_String)
    __arm_cp.6_2                             0x00000a1c   Number         4  zk.o(.text.Display_Asc_String)
    __arm_cp.6_3                             0x00000a20   Number         4  zk.o(.text.Display_Asc_String)
    __arm_cp.6_4                             0x00000a24   Number         4  zk.o(.text.Display_Asc_String)
    __arm_cp.6_5                             0x00000a28   Number         4  zk.o(.text.Display_Asc_String)
    [Anonymous Symbol]                       0x00000a2c   Section        0  zk.o(.text.Display_GB2312)
    __arm_cp.3_0                             0x00000b9c   Number         4  zk.o(.text.Display_GB2312)
    [Anonymous Symbol]                       0x00000ba0   Section        0  zk.o(.text.Display_GB2312_String)
    __arm_cp.4_0                             0x00000c54   Number         4  zk.o(.text.Display_GB2312_String)
    __arm_cp.4_3                             0x00000c7c   Number         4  zk.o(.text.Display_GB2312_String)
    __arm_cp.4_4                             0x00000c80   Number         4  zk.o(.text.Display_GB2312_String)
    [Anonymous Symbol]                       0x00000c84   Section        0  zk.o(.text.Display_TimesNewRoman_String)
    __arm_cp.9_0                             0x00000d10   Number         4  zk.o(.text.Display_TimesNewRoman_String)
    __arm_cp.9_1                             0x00000d14   Number         4  zk.o(.text.Display_TimesNewRoman_String)
    __arm_cp.9_3                             0x00000d30   Number         4  zk.o(.text.Display_TimesNewRoman_String)
    [Anonymous Symbol]                       0x00000d34   Section        0  lcd_init.o(.text.LCD_Address_Set)
    __arm_cp.5_0                             0x00000e20   Number         4  lcd_init.o(.text.LCD_Address_Set)
    [Anonymous Symbol]                       0x00000e24   Section        0  lcd.o(.text.LCD_Fill)
    [Anonymous Symbol]                       0x00000e70   Section        0  lcd_init.o(.text.LCD_Init)
    __arm_cp.6_1                             0x0000126c   Number         4  lcd_init.o(.text.LCD_Init)
    [Anonymous Symbol]                       0x00001b30   Section        0  lcd.o(.text.LCD_ShowChar)
    __arm_cp.10_0                            0x00001c44   Number         4  lcd.o(.text.LCD_ShowChar)
    __arm_cp.10_1                            0x00001c48   Number         4  lcd.o(.text.LCD_ShowChar)
    __arm_cp.10_2                            0x00001c4c   Number         4  lcd.o(.text.LCD_ShowChar)
    __arm_cp.10_3                            0x00001c50   Number         4  lcd.o(.text.LCD_ShowChar)
    [Anonymous Symbol]                       0x00001c54   Section        0  lcd.o(.text.LCD_ShowFloatNum1)
    __arm_cp.14_0                            0x00001d60   Number         4  lcd.o(.text.LCD_ShowFloatNum1)
    [Anonymous Symbol]                       0x00001d64   Section        0  lcd.o(.text.LCD_ShowIntNum)
    __arm_cp.13_0                            0x00001e4c   Number         4  lcd.o(.text.LCD_ShowIntNum)
    [Anonymous Symbol]                       0x00001e50   Section        0  lcd.o(.text.LCD_ShowPicture)
    [Anonymous Symbol]                       0x00001eb0   Section        0  lcd.o(.text.LCD_ShowString)
    [Anonymous Symbol]                       0x00001efc   Section        0  lcd_init.o(.text.LCD_WR_DATA)
    [Anonymous Symbol]                       0x00001ffc   Section        0  lcd_init.o(.text.LCD_WR_DATA8)
    [Anonymous Symbol]                       0x00002084   Section        0  ti_msp_dl_config.o(.text.SYSCFG_DL_GPIO_init)
    __arm_cp.2_0                             0x000020d4   Number         4  ti_msp_dl_config.o(.text.SYSCFG_DL_GPIO_init)
    __arm_cp.2_1                             0x000020d8   Number         4  ti_msp_dl_config.o(.text.SYSCFG_DL_GPIO_init)
    __arm_cp.2_2                             0x000020dc   Number         4  ti_msp_dl_config.o(.text.SYSCFG_DL_GPIO_init)
    __arm_cp.2_3                             0x000020e0   Number         4  ti_msp_dl_config.o(.text.SYSCFG_DL_GPIO_init)
    __arm_cp.2_4                             0x000020e4   Number         4  ti_msp_dl_config.o(.text.SYSCFG_DL_GPIO_init)
    __arm_cp.2_5                             0x000020e8   Number         4  ti_msp_dl_config.o(.text.SYSCFG_DL_GPIO_init)
    [Anonymous Symbol]                       0x000020ec   Section        0  ti_msp_dl_config.o(.text.SYSCFG_DL_SYSCTL_init)
    __arm_cp.3_0                             0x00002120   Number         4  ti_msp_dl_config.o(.text.SYSCFG_DL_SYSCTL_init)
    __arm_cp.3_1                             0x00002124   Number         4  ti_msp_dl_config.o(.text.SYSCFG_DL_SYSCTL_init)
    [Anonymous Symbol]                       0x00002128   Section        0  ti_msp_dl_config.o(.text.SYSCFG_DL_SYSTICK_init)
    __arm_cp.5_0                             0x00002140   Number         4  ti_msp_dl_config.o(.text.SYSCFG_DL_SYSTICK_init)
    [Anonymous Symbol]                       0x00002144   Section        0  ti_msp_dl_config.o(.text.SYSCFG_DL_UART_0_init)
    __arm_cp.4_0                             0x00002198   Number         4  ti_msp_dl_config.o(.text.SYSCFG_DL_UART_0_init)
    __arm_cp.4_1                             0x0000219c   Number         4  ti_msp_dl_config.o(.text.SYSCFG_DL_UART_0_init)
    __arm_cp.4_2                             0x000021a0   Number         4  ti_msp_dl_config.o(.text.SYSCFG_DL_UART_0_init)
    __arm_cp.4_3                             0x000021a4   Number         4  ti_msp_dl_config.o(.text.SYSCFG_DL_UART_0_init)
    __arm_cp.4_4                             0x000021a8   Number         4  ti_msp_dl_config.o(.text.SYSCFG_DL_UART_0_init)
    __arm_cp.4_5                             0x000021ac   Number         4  ti_msp_dl_config.o(.text.SYSCFG_DL_UART_0_init)
    [Anonymous Symbol]                       0x000021b0   Section        0  ti_msp_dl_config.o(.text.SYSCFG_DL_init)
    [Anonymous Symbol]                       0x000021c8   Section        0  ti_msp_dl_config.o(.text.SYSCFG_DL_initPower)
    __arm_cp.1_0                             0x000021e8   Number         4  ti_msp_dl_config.o(.text.SYSCFG_DL_initPower)
    __arm_cp.1_1                             0x000021ec   Number         4  ti_msp_dl_config.o(.text.SYSCFG_DL_initPower)
    __arm_cp.1_2                             0x000021f0   Number         4  ti_msp_dl_config.o(.text.SYSCFG_DL_initPower)
    __arm_cp.1_3                             0x000021f4   Number         4  ti_msp_dl_config.o(.text.SYSCFG_DL_initPower)
    __arm_cp.1_4                             0x000021f8   Number         4  ti_msp_dl_config.o(.text.SYSCFG_DL_initPower)
    [Anonymous Symbol]                       0x000021fc   Section        0  board.o(.text.UART0_IRQHandler)
    __arm_cp.9_0                             0x00002248   Number         4  board.o(.text.UART0_IRQHandler)
    __arm_cp.9_2                             0x0000224c   Number         4  board.o(.text.UART0_IRQHandler)
    __arm_cp.9_3                             0x00002250   Number         4  board.o(.text.UART0_IRQHandler)
    __arm_cp.9_4                             0x00002254   Number         4  board.o(.text.UART0_IRQHandler)
    [Anonymous Symbol]                       0x00002258   Section        0  board.o(.text._sys_exit)
    [Anonymous Symbol]                       0x0000225c   Section        0  board.o(.text.board_init)
    __arm_cp.0_0                             0x00002278   Number         4  board.o(.text.board_init)
    __arm_cp.0_1                             0x0000227c   Number         4  board.o(.text.board_init)
    [Anonymous Symbol]                       0x000022a0   Section        0  board.o(.text.delay_ms)
    __arm_cp.2_0                             0x000022e4   Number         4  board.o(.text.delay_ms)
    [Anonymous Symbol]                       0x000022e8   Section        0  board.o(.text.fputc)
    __arm_cp.8_0                             0x00002308   Number         4  board.o(.text.fputc)
    [Anonymous Symbol]                       0x0000230c   Section        0  zk.o(.text.get_n_bytes_data_from_ROM)
    __arm_cp.2_0                             0x00002680   Number         4  zk.o(.text.get_n_bytes_data_from_ROM)
    __arm_cp.2_1                             0x00002684   Number         4  zk.o(.text.get_n_bytes_data_from_ROM)
    [Anonymous Symbol]                       0x00002688   Section        0  empty.o(.text.main)
    __arm_cp.0_0                             0x000029dc   Number         4  empty.o(.text.main)
    __arm_cp.0_2                             0x000029e8   Number         4  empty.o(.text.main)
    __arm_cp.0_4                             0x00002a00   Number         4  empty.o(.text.main)
    __arm_cp.0_15                            0x00002a8c   Number         4  empty.o(.text.main)
    __arm_cp.0_16                            0x00002a90   Number         4  empty.o(.text.main)
    __arm_cp.0_17                            0x00002a94   Number         4  empty.o(.text.main)
    __arm_cp.0_18                            0x00002a98   Number         4  empty.o(.text.main)
    .text_divfast                            0x00002a9c   Section      502  aeabi_sdivfast.o(.text_divfast)
    x$fpl$fmul                               0x00002c94   Section      176  fmul.o(x$fpl$fmul)
    [Anonymous Symbol]                       0x00002d44   Section        0  zk.o(.rodata..Lswitch.table.Display_GB2312_String.1)
    x$fpl$usenofp                            0x00002d44   Section        0  usenofp.o(x$fpl$usenofp)
    [Anonymous Symbol]                       0x00002d4a   Section        0  zk.o(.rodata..Lswitch.table.Display_TimesNewRoman_String.5)
    [Anonymous Symbol]                       0x00002d50   Section        0  zk.o(.rodata..Lswitch.table.Display_TimesNewRoman_String.6)
    gUART_0ClockConfig                       0x00006dd0   Data           2  ti_msp_dl_config.o(.rodata.gUART_0ClockConfig)
    [Anonymous Symbol]                       0x00006dd0   Section        0  ti_msp_dl_config.o(.rodata.gUART_0ClockConfig)
    gUART_0Config                            0x00006dd2   Data          10  ti_msp_dl_config.o(.rodata.gUART_0Config)
    [Anonymous Symbol]                       0x00006dd2   Section        0  ti_msp_dl_config.o(.rodata.gUART_0Config)
    [Anonymous Symbol]                       0x00006ddc   Section        0  empty.o(.rodata.str1.1)
    .bss                                     0x20200000   Section       96  libspace.o(.bss)
    Heap_Mem                                 0x202001c0   Data           0  startup_mspm0g350x_uvision.o(HEAP)
    Stack_Mem                                0x202001c0   Data         256  startup_mspm0g350x_uvision.o(STACK)
    HEAP                                     0x202001c0   Section        0  startup_mspm0g350x_uvision.o(HEAP)
    STACK                                    0x202001c0   Section      256  startup_mspm0g350x_uvision.o(STACK)
    __initial_sp                             0x202002c0   Data           0  startup_mspm0g350x_uvision.o(STACK)

    Global Symbols

    Symbol Name                              Value     Ov Type        Size  Object(Section)

    BuildAttributes$$THM_ISAv3M$S$PE$A:L22$X:L11$S22$IEEE1$IW$~IW$USESV6$~STKCKD$USESV7$~SHL$OTIME$ROPI$EBA8$UX$STANDARDLIB$REQ8$PRES8$EABIv2 0x00000000   Number         0  anon$$obj.o ABSOLUTE
    __Vectors                                0x00000000   Data           4  startup_mspm0g350x_uvision.o(RESET)
    __ARM_exceptions_init                     - Undefined Weak Reference
    __alloca_initialize                       - Undefined Weak Reference
    __arm_preinit_                            - Undefined Weak Reference
    __arm_relocate_pie_                       - Undefined Weak Reference
    __cpp_initialize__aeabi_                  - Undefined Weak Reference
    __cxa_finalize                            - Undefined Weak Reference
    __rt_locale                               - Undefined Weak Reference
    __sigvec_lookup                           - Undefined Weak Reference
    _atexit_init                              - Undefined Weak Reference
    _call_atexit_fns                          - Undefined Weak Reference
    _clock_init                               - Undefined Weak Reference
    _fp_trap_init                             - Undefined Weak Reference
    _fp_trap_shutdown                         - Undefined Weak Reference
    _get_lc_collate                           - Undefined Weak Reference
    _get_lc_ctype                             - Undefined Weak Reference
    _get_lc_monetary                          - Undefined Weak Reference
    _get_lc_numeric                           - Undefined Weak Reference
    _get_lc_time                              - Undefined Weak Reference
    _getenv_init                              - Undefined Weak Reference
    _handle_redirection                       - Undefined Weak Reference
    _init_alloc                               - Undefined Weak Reference
    _init_user_alloc                          - Undefined Weak Reference
    _initio                                   - Undefined Weak Reference
    _rand_init                                - Undefined Weak Reference
    _signal_finish                            - Undefined Weak Reference
    _signal_init                              - Undefined Weak Reference
    _terminate_alloc                          - Undefined Weak Reference
    _terminate_user_alloc                     - Undefined Weak Reference
    _terminateio                              - Undefined Weak Reference
    __Vectors_End                            0x000000c0   Data           0  startup_mspm0g350x_uvision.o(RESET)
    __Vectors_Size                           0x000000c0   Number         0  startup_mspm0g350x_uvision.o ABSOLUTE
    __main                                   0x000000c1   Thumb Code     8  __main.o(!!!main)
    __scatterload                            0x000000c9   Thumb Code     0  __scatter.o(!!!scatter)
    __scatterload_rt2                        0x000000c9   Thumb Code    74  __scatter.o(!!!scatter)
    __scatterload_rt2_thumb_only             0x000000c9   Thumb Code     0  __scatter.o(!!!scatter)
    __scatterload_loop                       0x000000d3   Thumb Code     0  __scatter.o(!!!scatter)
    __scatterload_null                       0x00000121   Thumb Code     2  __scatter.o(!!handler_null)
    __scatterload_zeroinit                   0x00000129   Thumb Code    28  __scatter_zi.o(!!handler_zi)
    __rt_lib_init                            0x00000145   Thumb Code     0  libinit.o(.ARM.Collect$$libinit$$00000000)
    __rt_lib_init_alloca_1                   0x00000147   Thumb Code     0  libinit2.o(.ARM.Collect$$libinit$$00000030)
    __rt_lib_init_argv_1                     0x00000147   Thumb Code     0  libinit2.o(.ARM.Collect$$libinit$$0000002E)
    __rt_lib_init_atexit_1                   0x00000147   Thumb Code     0  libinit2.o(.ARM.Collect$$libinit$$0000001D)
    __rt_lib_init_clock_1                    0x00000147   Thumb Code     0  libinit2.o(.ARM.Collect$$libinit$$00000023)
    __rt_lib_init_cpp_1                      0x00000147   Thumb Code     0  libinit2.o(.ARM.Collect$$libinit$$00000034)
    __rt_lib_init_exceptions_1               0x00000147   Thumb Code     0  libinit2.o(.ARM.Collect$$libinit$$00000032)
    __rt_lib_init_fp_1                       0x00000147   Thumb Code     0  libinit2.o(.ARM.Collect$$libinit$$00000002)
    __rt_lib_init_fp_trap_1                  0x00000147   Thumb Code     0  libinit2.o(.ARM.Collect$$libinit$$00000021)
    __rt_lib_init_getenv_1                   0x00000147   Thumb Code     0  libinit2.o(.ARM.Collect$$libinit$$00000025)
    __rt_lib_init_heap_1                     0x00000147   Thumb Code     0  libinit2.o(.ARM.Collect$$libinit$$0000000C)
    __rt_lib_init_lc_collate_1               0x00000147   Thumb Code     0  libinit2.o(.ARM.Collect$$libinit$$00000013)
    __rt_lib_init_lc_ctype_1                 0x00000147   Thumb Code     0  libinit2.o(.ARM.Collect$$libinit$$00000015)
    __rt_lib_init_lc_monetary_1              0x00000147   Thumb Code     0  libinit2.o(.ARM.Collect$$libinit$$00000017)
    __rt_lib_init_lc_numeric_1               0x00000147   Thumb Code     0  libinit2.o(.ARM.Collect$$libinit$$00000019)
    __rt_lib_init_lc_time_1                  0x00000147   Thumb Code     0  libinit2.o(.ARM.Collect$$libinit$$0000001B)
    __rt_lib_init_preinit_1                  0x00000147   Thumb Code     0  libinit2.o(.ARM.Collect$$libinit$$00000006)
    __rt_lib_init_rand_1                     0x00000147   Thumb Code     0  libinit2.o(.ARM.Collect$$libinit$$00000010)
    __rt_lib_init_relocate_pie_1             0x00000147   Thumb Code     0  libinit2.o(.ARM.Collect$$libinit$$00000004)
    __rt_lib_init_return                     0x00000147   Thumb Code     0  libinit2.o(.ARM.Collect$$libinit$$00000035)
    __rt_lib_init_signal_1                   0x00000147   Thumb Code     0  libinit2.o(.ARM.Collect$$libinit$$0000001F)
    __rt_lib_init_stdio_1                    0x00000147   Thumb Code     0  libinit2.o(.ARM.Collect$$libinit$$00000027)
    __rt_lib_init_user_alloc_1               0x00000147   Thumb Code     0  libinit2.o(.ARM.Collect$$libinit$$0000000E)
    __rt_lib_shutdown                        0x00000149   Thumb Code     0  libshutdown.o(.ARM.Collect$$libshutdown$$00000000)
    __rt_lib_shutdown_cpp_1                  0x0000014b   Thumb Code     0  libshutdown2.o(.ARM.Collect$$libshutdown$$00000002)
    __rt_lib_shutdown_fp_trap_1              0x0000014b   Thumb Code     0  libshutdown2.o(.ARM.Collect$$libshutdown$$00000007)
    __rt_lib_shutdown_heap_1                 0x0000014b   Thumb Code     0  libshutdown2.o(.ARM.Collect$$libshutdown$$0000000F)
    __rt_lib_shutdown_return                 0x0000014b   Thumb Code     0  libshutdown2.o(.ARM.Collect$$libshutdown$$00000010)
    __rt_lib_shutdown_signal_1               0x0000014b   Thumb Code     0  libshutdown2.o(.ARM.Collect$$libshutdown$$0000000A)
    __rt_lib_shutdown_stdio_1                0x0000014b   Thumb Code     0  libshutdown2.o(.ARM.Collect$$libshutdown$$00000004)
    __rt_lib_shutdown_user_alloc_1           0x0000014b   Thumb Code     0  libshutdown2.o(.ARM.Collect$$libshutdown$$0000000C)
    __rt_entry                               0x0000014d   Thumb Code     0  __rtentry.o(.ARM.Collect$$rtentry$$00000000)
    __rt_entry_presh_1                       0x0000014d   Thumb Code     0  __rtentry2.o(.ARM.Collect$$rtentry$$00000002)
    __rt_entry_sh                            0x0000014d   Thumb Code     0  __rtentry4.o(.ARM.Collect$$rtentry$$00000004)
    __rt_entry_li                            0x00000153   Thumb Code     0  __rtentry2.o(.ARM.Collect$$rtentry$$0000000A)
    __rt_entry_postsh_1                      0x00000153   Thumb Code     0  __rtentry2.o(.ARM.Collect$$rtentry$$00000009)
    __rt_entry_main                          0x00000157   Thumb Code     0  __rtentry2.o(.ARM.Collect$$rtentry$$0000000D)
    __rt_entry_postli_1                      0x00000157   Thumb Code     0  __rtentry2.o(.ARM.Collect$$rtentry$$0000000C)
    __rt_exit                                0x0000015f   Thumb Code     0  rtexit.o(.ARM.Collect$$rtexit$$00000000)
    __rt_exit_ls                             0x00000161   Thumb Code     0  rtexit2.o(.ARM.Collect$$rtexit$$00000003)
    __rt_exit_prels_1                        0x00000161   Thumb Code     0  rtexit2.o(.ARM.Collect$$rtexit$$00000002)
    __rt_exit_exit                           0x00000165   Thumb Code     0  rtexit2.o(.ARM.Collect$$rtexit$$00000004)
    Reset_Handler                            0x0000016d   Thumb Code     4  startup_mspm0g350x_uvision.o(.text)
    NMI_Handler                              0x00000171   Thumb Code     2  startup_mspm0g350x_uvision.o(.text)
    HardFault_Handler                        0x00000173   Thumb Code     2  startup_mspm0g350x_uvision.o(.text)
    SVC_Handler                              0x00000175   Thumb Code     2  startup_mspm0g350x_uvision.o(.text)
    PendSV_Handler                           0x00000177   Thumb Code     2  startup_mspm0g350x_uvision.o(.text)
    SysTick_Handler                          0x00000179   Thumb Code     2  startup_mspm0g350x_uvision.o(.text)
    ADC0_IRQHandler                          0x0000017b   Thumb Code     0  startup_mspm0g350x_uvision.o(.text)
    ADC1_IRQHandler                          0x0000017b   Thumb Code     0  startup_mspm0g350x_uvision.o(.text)
    AES_IRQHandler                           0x0000017b   Thumb Code     0  startup_mspm0g350x_uvision.o(.text)
    CANFD0_IRQHandler                        0x0000017b   Thumb Code     0  startup_mspm0g350x_uvision.o(.text)
    DAC0_IRQHandler                          0x0000017b   Thumb Code     0  startup_mspm0g350x_uvision.o(.text)
    DMA_IRQHandler                           0x0000017b   Thumb Code     0  startup_mspm0g350x_uvision.o(.text)
    Default_Handler                          0x0000017b   Thumb Code     2  startup_mspm0g350x_uvision.o(.text)
    GROUP0_IRQHandler                        0x0000017b   Thumb Code     0  startup_mspm0g350x_uvision.o(.text)
    GROUP1_IRQHandler                        0x0000017b   Thumb Code     0  startup_mspm0g350x_uvision.o(.text)
    I2C0_IRQHandler                          0x0000017b   Thumb Code     0  startup_mspm0g350x_uvision.o(.text)
    I2C1_IRQHandler                          0x0000017b   Thumb Code     0  startup_mspm0g350x_uvision.o(.text)
    RTC_IRQHandler                           0x0000017b   Thumb Code     0  startup_mspm0g350x_uvision.o(.text)
    SPI0_IRQHandler                          0x0000017b   Thumb Code     0  startup_mspm0g350x_uvision.o(.text)
    SPI1_IRQHandler                          0x0000017b   Thumb Code     0  startup_mspm0g350x_uvision.o(.text)
    TIMA0_IRQHandler                         0x0000017b   Thumb Code     0  startup_mspm0g350x_uvision.o(.text)
    TIMA1_IRQHandler                         0x0000017b   Thumb Code     0  startup_mspm0g350x_uvision.o(.text)
    TIMG0_IRQHandler                         0x0000017b   Thumb Code     0  startup_mspm0g350x_uvision.o(.text)
    TIMG12_IRQHandler                        0x0000017b   Thumb Code     0  startup_mspm0g350x_uvision.o(.text)
    TIMG6_IRQHandler                         0x0000017b   Thumb Code     0  startup_mspm0g350x_uvision.o(.text)
    TIMG7_IRQHandler                         0x0000017b   Thumb Code     0  startup_mspm0g350x_uvision.o(.text)
    TIMG8_IRQHandler                         0x0000017b   Thumb Code     0  startup_mspm0g350x_uvision.o(.text)
    UART1_IRQHandler                         0x0000017b   Thumb Code     0  startup_mspm0g350x_uvision.o(.text)
    UART2_IRQHandler                         0x0000017b   Thumb Code     0  startup_mspm0g350x_uvision.o(.text)
    UART3_IRQHandler                         0x0000017b   Thumb Code     0  startup_mspm0g350x_uvision.o(.text)
    __user_initial_stackheap                 0x0000017d   Thumb Code    10  startup_mspm0g350x_uvision.o(.text)
    puts                                     0x00000199   Thumb Code    38  puts.o(.text)
    __aeabi_uidivmod                         0x000001c5   Thumb Code    28  aeabi_sdivfast.o(.text)
    __aeabi_idivmod                          0x000001e1   Thumb Code   472  aeabi_sdivfast.o(.text)
    __use_two_region_memory                  0x000003bd   Thumb Code     2  heapauxi.o(.text)
    __rt_heap_escrow$2region                 0x000003bf   Thumb Code     2  heapauxi.o(.text)
    __rt_heap_expand$2region                 0x000003c1   Thumb Code     2  heapauxi.o(.text)
    __aeabi_f2iz                             0x000003c3   Thumb Code     0  ffixi.o(.text)
    _ffix                                    0x000003c3   Thumb Code    76  ffixi.o(.text)
    __user_setup_stackheap                   0x0000040f   Thumb Code    62  sys_stackheap_outer.o(.text)
    exit                                     0x0000044d   Thumb Code    16  exit.o(.text)
    __user_libspace                          0x0000045d   Thumb Code     8  libspace.o(.text)
    __user_perproc_libspace                  0x0000045d   Thumb Code     0  libspace.o(.text)
    __user_perthread_libspace                0x0000045d   Thumb Code     0  libspace.o(.text)
    DL_Common_delayCycles                    0x00000465   Thumb Code    10  dl_common.o(.text.DL_Common_delayCycles)
    DL_UART_init                             0x00000471   Thumb Code    72  dl_uart.o(.text.DL_UART_init)
    DL_UART_setClockConfig                   0x000004b9   Thumb Code    18  dl_uart.o(.text.DL_UART_setClockConfig)
    Display_Arial_String                     0x000004cd   Thumb Code   140  zk.o(.text.Display_Arial_String)
    Display_Arial_TimesNewRoman              0x00000579   Thumb Code   404  zk.o(.text.Display_Arial_TimesNewRoman)
    Display_Asc                              0x0000070d   Thumb Code   488  zk.o(.text.Display_Asc)
    Display_Asc_String                       0x000008f9   Thumb Code   284  zk.o(.text.Display_Asc_String)
    Display_GB2312                           0x00000a2d   Thumb Code   368  zk.o(.text.Display_GB2312)
    Display_GB2312_String                    0x00000ba1   Thumb Code   180  zk.o(.text.Display_GB2312_String)
    Display_TimesNewRoman_String             0x00000c85   Thumb Code   140  zk.o(.text.Display_TimesNewRoman_String)
    LCD_Address_Set                          0x00000d35   Thumb Code   236  lcd_init.o(.text.LCD_Address_Set)
    LCD_Fill                                 0x00000e25   Thumb Code    74  lcd.o(.text.LCD_Fill)
    LCD_Init                                 0x00000e71   Thumb Code  3264  lcd_init.o(.text.LCD_Init)
    LCD_ShowChar                             0x00001b31   Thumb Code   276  lcd.o(.text.LCD_ShowChar)
    LCD_ShowFloatNum1                        0x00001c55   Thumb Code   268  lcd.o(.text.LCD_ShowFloatNum1)
    LCD_ShowIntNum                           0x00001d65   Thumb Code   232  lcd.o(.text.LCD_ShowIntNum)
    LCD_ShowPicture                          0x00001e51   Thumb Code    96  lcd.o(.text.LCD_ShowPicture)
    LCD_ShowString                           0x00001eb1   Thumb Code    76  lcd.o(.text.LCD_ShowString)
    LCD_WR_DATA                              0x00001efd   Thumb Code   256  lcd_init.o(.text.LCD_WR_DATA)
    LCD_WR_DATA8                             0x00001ffd   Thumb Code   136  lcd_init.o(.text.LCD_WR_DATA8)
    SYSCFG_DL_GPIO_init                      0x00002085   Thumb Code    80  ti_msp_dl_config.o(.text.SYSCFG_DL_GPIO_init)
    SYSCFG_DL_SYSCTL_init                    0x000020ed   Thumb Code    52  ti_msp_dl_config.o(.text.SYSCFG_DL_SYSCTL_init)
    SYSCFG_DL_SYSTICK_init                   0x00002129   Thumb Code    24  ti_msp_dl_config.o(.text.SYSCFG_DL_SYSTICK_init)
    SYSCFG_DL_UART_0_init                    0x00002145   Thumb Code    84  ti_msp_dl_config.o(.text.SYSCFG_DL_UART_0_init)
    SYSCFG_DL_init                           0x000021b1   Thumb Code    24  ti_msp_dl_config.o(.text.SYSCFG_DL_init)
    SYSCFG_DL_initPower                      0x000021c9   Thumb Code    32  ti_msp_dl_config.o(.text.SYSCFG_DL_initPower)
    UART0_IRQHandler                         0x000021fd   Thumb Code    76  board.o(.text.UART0_IRQHandler)
    _sys_exit                                0x00002259   Thumb Code     2  board.o(.text._sys_exit)
    board_init                               0x0000225d   Thumb Code    28  board.o(.text.board_init)
    delay_ms                                 0x000022a1   Thumb Code    68  board.o(.text.delay_ms)
    fputc                                    0x000022e9   Thumb Code    32  board.o(.text.fputc)
    get_n_bytes_data_from_ROM                0x0000230d   Thumb Code   884  zk.o(.text.get_n_bytes_data_from_ROM)
    main                                     0x00002689   Thumb Code   852  empty.o(.text.main)
    __aeabi_uidiv                            0x00002a9d   Thumb Code    68  aeabi_sdivfast.o(.text_divfast)
    __aeabi_idiv                             0x00002ae1   Thumb Code   434  aeabi_sdivfast.o(.text_divfast)
    __aeabi_fmul                             0x00002c95   Thumb Code     0  fmul.o(x$fpl$fmul)
    _fmul                                    0x00002c95   Thumb Code   172  fmul.o(x$fpl$fmul)
    __I$use$fp                               0x00002d44   Number         0  usenofp.o(x$fpl$usenofp)
    ascii_1206                               0x00002d5c   Data        1140  lcd.o(.rodata.ascii_1206)
    ascii_1608                               0x000031d0   Data        1520  lcd.o(.rodata.ascii_1608)
    ascii_2412                               0x000037c0   Data        4560  lcd.o(.rodata.ascii_2412)
    ascii_3216                               0x00004990   Data        6080  lcd.o(.rodata.ascii_3216)
    gImage_1                                 0x00006150   Data        3200  empty.o(.rodata.gImage_1)
    Region$$Table$$Base                      0x00006e10   Number         0  anon$$obj.o(Region$$Table)
    Region$$Table$$Limit                     0x00006e20   Number         0  anon$$obj.o(Region$$Table)
    __libspace_start                         0x20200000   Data          96  libspace.o(.bss)
    FontBuf                                  0x20200060   Data         130  zk.o(.bss.FontBuf)
    __temporary_stack_top$libspace           0x20200060   Data           0  libspace.o(.bss)
    __stdout                                 0x202000e4   Data          84  board.o(.bss.__stdout)
    recv0_buff                               0x20200138   Data         128  board.o(.bss.recv0_buff)
    recv0_flag                               0x202001b8   Data           1  board.o(.bss.recv0_flag)
    recv0_length                             0x202001ba   Data           2  board.o(.bss.recv0_length)



==============================================================================

Memory Map of the image

  Image Entry point : 0x000000c1

  Load Region LR_IROM1 (Base: 0x00000000, Size: 0x00006e20, Max: 0x00020000, ABSOLUTE)

    Execution Region ER_IROM1 (Exec base: 0x00000000, Load base: 0x00000000, Size: 0x00006e20, Max: 0x00020000, ABSOLUTE)

    Exec Addr    Load Addr    Size         Type   Attr      Idx    E Section Name        Object

    0x00000000   0x00000000   0x000000c0   Data   RO           15    RESET               startup_mspm0g350x_uvision.o
    0x000000c0   0x000000c0   0x00000008   Code   RO          241  * !!!main             c_p.l(__main.o)
    0x000000c8   0x000000c8   0x00000054   Code   RO          419    !!!scatter          c_p.l(__scatter.o)
    0x0000011c   0x0000011c   0x00000004   PAD
    0x00000120   0x00000120   0x00000002   Code   RO          420    !!handler_null      c_p.l(__scatter.o)
    0x00000122   0x00000122   0x00000006   PAD
    0x00000128   0x00000128   0x0000001c   Code   RO          423    !!handler_zi        c_p.l(__scatter_zi.o)
    0x00000144   0x00000144   0x00000002   Code   RO          284    .ARM.Collect$$libinit$$00000000  c_p.l(libinit.o)
    0x00000146   0x00000146   0x00000000   Code   RO          298    .ARM.Collect$$libinit$$00000002  c_p.l(libinit2.o)
    0x00000146   0x00000146   0x00000000   Code   RO          300    .ARM.Collect$$libinit$$00000004  c_p.l(libinit2.o)
    0x00000146   0x00000146   0x00000000   Code   RO          302    .ARM.Collect$$libinit$$00000006  c_p.l(libinit2.o)
    0x00000146   0x00000146   0x00000000   Code   RO          305    .ARM.Collect$$libinit$$0000000C  c_p.l(libinit2.o)
    0x00000146   0x00000146   0x00000000   Code   RO          307    .ARM.Collect$$libinit$$0000000E  c_p.l(libinit2.o)
    0x00000146   0x00000146   0x00000000   Code   RO          309    .ARM.Collect$$libinit$$00000010  c_p.l(libinit2.o)
    0x00000146   0x00000146   0x00000000   Code   RO          312    .ARM.Collect$$libinit$$00000013  c_p.l(libinit2.o)
    0x00000146   0x00000146   0x00000000   Code   RO          314    .ARM.Collect$$libinit$$00000015  c_p.l(libinit2.o)
    0x00000146   0x00000146   0x00000000   Code   RO          316    .ARM.Collect$$libinit$$00000017  c_p.l(libinit2.o)
    0x00000146   0x00000146   0x00000000   Code   RO          318    .ARM.Collect$$libinit$$00000019  c_p.l(libinit2.o)
    0x00000146   0x00000146   0x00000000   Code   RO          320    .ARM.Collect$$libinit$$0000001B  c_p.l(libinit2.o)
    0x00000146   0x00000146   0x00000000   Code   RO          322    .ARM.Collect$$libinit$$0000001D  c_p.l(libinit2.o)
    0x00000146   0x00000146   0x00000000   Code   RO          324    .ARM.Collect$$libinit$$0000001F  c_p.l(libinit2.o)
    0x00000146   0x00000146   0x00000000   Code   RO          326    .ARM.Collect$$libinit$$00000021  c_p.l(libinit2.o)
    0x00000146   0x00000146   0x00000000   Code   RO          328    .ARM.Collect$$libinit$$00000023  c_p.l(libinit2.o)
    0x00000146   0x00000146   0x00000000   Code   RO          330    .ARM.Collect$$libinit$$00000025  c_p.l(libinit2.o)
    0x00000146   0x00000146   0x00000000   Code   RO          332    .ARM.Collect$$libinit$$00000027  c_p.l(libinit2.o)
    0x00000146   0x00000146   0x00000000   Code   RO          336    .ARM.Collect$$libinit$$0000002E  c_p.l(libinit2.o)
    0x00000146   0x00000146   0x00000000   Code   RO          338    .ARM.Collect$$libinit$$00000030  c_p.l(libinit2.o)
    0x00000146   0x00000146   0x00000000   Code   RO          340    .ARM.Collect$$libinit$$00000032  c_p.l(libinit2.o)
    0x00000146   0x00000146   0x00000000   Code   RO          342    .ARM.Collect$$libinit$$00000034  c_p.l(libinit2.o)
    0x00000146   0x00000146   0x00000002   Code   RO          343    .ARM.Collect$$libinit$$00000035  c_p.l(libinit2.o)
    0x00000148   0x00000148   0x00000002   Code   RO          371    .ARM.Collect$$libshutdown$$00000000  c_p.l(libshutdown.o)
    0x0000014a   0x0000014a   0x00000000   Code   RO          402    .ARM.Collect$$libshutdown$$00000002  c_p.l(libshutdown2.o)
    0x0000014a   0x0000014a   0x00000000   Code   RO          404    .ARM.Collect$$libshutdown$$00000004  c_p.l(libshutdown2.o)
    0x0000014a   0x0000014a   0x00000000   Code   RO          407    .ARM.Collect$$libshutdown$$00000007  c_p.l(libshutdown2.o)
    0x0000014a   0x0000014a   0x00000000   Code   RO          410    .ARM.Collect$$libshutdown$$0000000A  c_p.l(libshutdown2.o)
    0x0000014a   0x0000014a   0x00000000   Code   RO          412    .ARM.Collect$$libshutdown$$0000000C  c_p.l(libshutdown2.o)
    0x0000014a   0x0000014a   0x00000000   Code   RO          415    .ARM.Collect$$libshutdown$$0000000F  c_p.l(libshutdown2.o)
    0x0000014a   0x0000014a   0x00000002   Code   RO          416    .ARM.Collect$$libshutdown$$00000010  c_p.l(libshutdown2.o)
    0x0000014c   0x0000014c   0x00000000   Code   RO          247    .ARM.Collect$$rtentry$$00000000  c_p.l(__rtentry.o)
    0x0000014c   0x0000014c   0x00000000   Code   RO          254    .ARM.Collect$$rtentry$$00000002  c_p.l(__rtentry2.o)
    0x0000014c   0x0000014c   0x00000006   Code   RO          266    .ARM.Collect$$rtentry$$00000004  c_p.l(__rtentry4.o)
    0x00000152   0x00000152   0x00000000   Code   RO          256    .ARM.Collect$$rtentry$$00000009  c_p.l(__rtentry2.o)
    0x00000152   0x00000152   0x00000004   Code   RO          257    .ARM.Collect$$rtentry$$0000000A  c_p.l(__rtentry2.o)
    0x00000156   0x00000156   0x00000000   Code   RO          259    .ARM.Collect$$rtentry$$0000000C  c_p.l(__rtentry2.o)
    0x00000156   0x00000156   0x00000008   Code   RO          260    .ARM.Collect$$rtentry$$0000000D  c_p.l(__rtentry2.o)
    0x0000015e   0x0000015e   0x00000002   Code   RO          289    .ARM.Collect$$rtexit$$00000000  c_p.l(rtexit.o)
    0x00000160   0x00000160   0x00000000   Code   RO          345    .ARM.Collect$$rtexit$$00000002  c_p.l(rtexit2.o)
    0x00000160   0x00000160   0x00000004   Code   RO          346    .ARM.Collect$$rtexit$$00000003  c_p.l(rtexit2.o)
    0x00000164   0x00000164   0x00000006   Code   RO          347    .ARM.Collect$$rtexit$$00000004  c_p.l(rtexit2.o)
    0x0000016a   0x0000016a   0x00000002   PAD
    0x0000016c   0x0000016c   0x0000002c   Code   RO           16    .text               startup_mspm0g350x_uvision.o
    0x00000198   0x00000198   0x0000002c   Code   RO          229    .text               c_p.l(puts.o)
    0x000001c4   0x000001c4   0x000001f8   Code   RO          231    .text               c_p.l(aeabi_sdivfast.o)
    0x000003bc   0x000003bc   0x00000006   Code   RO          239    .text               c_p.l(heapauxi.o)
    0x000003c2   0x000003c2   0x0000004c   Code   RO          243    .text               fz_ps.l(ffixi.o)
    0x0000040e   0x0000040e   0x0000003e   Code   RO          270    .text               c_p.l(sys_stackheap_outer.o)
    0x0000044c   0x0000044c   0x00000010   Code   RO          273    .text               c_p.l(exit.o)
    0x0000045c   0x0000045c   0x00000008   Code   RO          285    .text               c_p.l(libspace.o)
    0x00000464   0x00000464   0x0000000a   Code   RO          179    .text.DL_Common_delayCycles  driverlib.a(dl_common.o)
    0x0000046e   0x0000046e   0x00000002   PAD
    0x00000470   0x00000470   0x00000048   Code   RO          188    .text.DL_UART_init  driverlib.a(dl_uart.o)
    0x000004b8   0x000004b8   0x00000012   Code   RO          190    .text.DL_UART_setClockConfig  driverlib.a(dl_uart.o)
    0x000004ca   0x000004ca   0x00000002   PAD
    0x000004cc   0x000004cc   0x000000ac   Code   RO          163    .text.Display_Arial_String  zk.o
    0x00000578   0x00000578   0x00000194   Code   RO          161    .text.Display_Arial_TimesNewRoman  zk.o
    0x0000070c   0x0000070c   0x000001ec   Code   RO          157    .text.Display_Asc   zk.o
    0x000008f8   0x000008f8   0x00000134   Code   RO          159    .text.Display_Asc_String  zk.o
    0x00000a2c   0x00000a2c   0x00000174   Code   RO          153    .text.Display_GB2312  zk.o
    0x00000ba0   0x00000ba0   0x000000e4   Code   RO          155    .text.Display_GB2312_String  zk.o
    0x00000c84   0x00000c84   0x000000b0   Code   RO          165    .text.Display_TimesNewRoman_String  zk.o
    0x00000d34   0x00000d34   0x000000f0   Code   RO          135    .text.LCD_Address_Set  lcd_init.o
    0x00000e24   0x00000e24   0x0000004a   Code   RO           77    .text.LCD_Fill      lcd.o
    0x00000e6e   0x00000e6e   0x00000002   PAD
    0x00000e70   0x00000e70   0x00000cc0   Code   RO          137    .text.LCD_Init      lcd_init.o
    0x00001b30   0x00001b30   0x00000124   Code   RO           97    .text.LCD_ShowChar  lcd.o
    0x00001c54   0x00001c54   0x00000110   Code   RO          105    .text.LCD_ShowFloatNum1  lcd.o
    0x00001d64   0x00001d64   0x000000ec   Code   RO          103    .text.LCD_ShowIntNum  lcd.o
    0x00001e50   0x00001e50   0x00000060   Code   RO          107    .text.LCD_ShowPicture  lcd.o
    0x00001eb0   0x00001eb0   0x0000004c   Code   RO           99    .text.LCD_ShowString  lcd.o
    0x00001efc   0x00001efc   0x00000100   Code   RO          131    .text.LCD_WR_DATA   lcd_init.o
    0x00001ffc   0x00001ffc   0x00000088   Code   RO          129    .text.LCD_WR_DATA8  lcd_init.o
    0x00002084   0x00002084   0x00000068   Code   RO           27    .text.SYSCFG_DL_GPIO_init  ti_msp_dl_config.o
    0x000020ec   0x000020ec   0x0000003c   Code   RO           29    .text.SYSCFG_DL_SYSCTL_init  ti_msp_dl_config.o
    0x00002128   0x00002128   0x0000001c   Code   RO           33    .text.SYSCFG_DL_SYSTICK_init  ti_msp_dl_config.o
    0x00002144   0x00002144   0x0000006c   Code   RO           31    .text.SYSCFG_DL_UART_0_init  ti_msp_dl_config.o
    0x000021b0   0x000021b0   0x00000018   Code   RO           23    .text.SYSCFG_DL_init  ti_msp_dl_config.o
    0x000021c8   0x000021c8   0x00000034   Code   RO           25    .text.SYSCFG_DL_initPower  ti_msp_dl_config.o
    0x000021fc   0x000021fc   0x0000005c   Code   RO           63    .text.UART0_IRQHandler  board.o
    0x00002258   0x00002258   0x00000002   Code   RO           59    .text._sys_exit     board.o
    0x0000225a   0x0000225a   0x00000002   PAD
    0x0000225c   0x0000225c   0x00000044   Code   RO           45    .text.board_init    board.o
    0x000022a0   0x000022a0   0x00000048   Code   RO           49    .text.delay_ms      board.o
    0x000022e8   0x000022e8   0x00000024   Code   RO           61    .text.fputc         board.o
    0x0000230c   0x0000230c   0x0000037c   Code   RO          151    .text.get_n_bytes_data_from_ROM  zk.o
    0x00002688   0x00002688   0x00000414   Code   RO            2    .text.main          empty.o
    0x00002a9c   0x00002a9c   0x000001f6   Code   RO          232    .text_divfast       c_p.l(aeabi_sdivfast.o)
    0x00002c92   0x00002c92   0x00000002   PAD
    0x00002c94   0x00002c94   0x000000b0   Code   RO          245    x$fpl$fmul          fz_ps.l(fmul.o)
    0x00002d44   0x00002d44   0x00000000   Code   RO          252    x$fpl$usenofp       fz_ps.l(usenofp.o)
    0x00002d44   0x00002d44   0x00000006   Data   RO          168    .rodata..Lswitch.table.Display_GB2312_String.1  zk.o
    0x00002d4a   0x00002d4a   0x00000006   Data   RO          169    .rodata..Lswitch.table.Display_TimesNewRoman_String.5  zk.o
    0x00002d50   0x00002d50   0x0000000c   Data   RO          170    .rodata..Lswitch.table.Display_TimesNewRoman_String.6  zk.o
    0x00002d5c   0x00002d5c   0x00000474   Data   RO          109    .rodata.ascii_1206  lcd.o
    0x000031d0   0x000031d0   0x000005f0   Data   RO          110    .rodata.ascii_1608  lcd.o
    0x000037c0   0x000037c0   0x000011d0   Data   RO          111    .rodata.ascii_2412  lcd.o
    0x00004990   0x00004990   0x000017c0   Data   RO          112    .rodata.ascii_3216  lcd.o
    0x00006150   0x00006150   0x00000c80   Data   RO            4    .rodata.gImage_1    empty.o
    0x00006dd0   0x00006dd0   0x00000002   Data   RO           35    .rodata.gUART_0ClockConfig  ti_msp_dl_config.o
    0x00006dd2   0x00006dd2   0x0000000a   Data   RO           36    .rodata.gUART_0Config  ti_msp_dl_config.o
    0x00006ddc   0x00006ddc   0x00000034   Data   RO            5    .rodata.str1.1      empty.o
    0x00006e10   0x00006e10   0x00000010   Data   RO          418    Region$$Table       anon$$obj.o


    Execution Region RW_IRAM2 (Exec base: 0x20200000, Load base: 0x00006e20, Size: 0x000002c0, Max: 0x00008000, ABSOLUTE)

    Exec Addr    Load Addr    Size         Type   Attr      Idx    E Section Name        Object

    0x20200000        -       0x00000060   Zero   RW          286    .bss                c_p.l(libspace.o)
    0x20200060        -       0x00000082   Zero   RW          167    .bss.FontBuf        zk.o
    0x202000e2   0x00006e20   0x00000002   PAD
    0x202000e4        -       0x00000054   Zero   RW           68    .bss.__stdout       board.o
    0x20200138        -       0x00000080   Zero   RW           65    .bss.recv0_buff     board.o
    0x202001b8        -       0x00000001   Zero   RW           67    .bss.recv0_flag     board.o
    0x202001b9   0x00006e20   0x00000001   PAD
    0x202001ba        -       0x00000002   Zero   RW           66    .bss.recv0_length   board.o
    0x202001bc   0x00006e20   0x00000004   PAD
    0x202001c0        -       0x00000000   Zero   RW           14    HEAP                startup_mspm0g350x_uvision.o
    0x202001c0        -       0x00000100   Zero   RW           13    STACK               startup_mspm0g350x_uvision.o



  Load Region LR_BCR (Base: 0x41c00000, Size: 0x00000000, Max: 0x00000100, ABSOLUTE)

    Execution Region BCR_CONFIG (Exec base: 0x41c00000, Load base: 0x41c00000, Size: 0x00000000, Max: 0x00000080, ABSOLUTE)

    **** No section assigned to this execution region ****



  Load Region LR_BSL (Base: 0x41c00100, Size: 0x00000000, Max: 0x00000100, ABSOLUTE)

    Execution Region BSL_CONFIG (Exec base: 0x41c00100, Load base: 0x41c00100, Size: 0x00000000, Max: 0x00000080, ABSOLUTE)

    **** No section assigned to this execution region ****


==============================================================================

Image component sizes


      Code (inc. data)   RO Data    RW Data    ZI Data      Debug   Object Name

       270         64          0          0        215       9527   board.o
      1044        192       3252          0          0       1484   empty.o
      1046         24      13300          0          0      18302   lcd.o
      3896          8          0          0          0      63631   lcd_init.o
        44         18        192          0        256        680   startup_mspm0g350x_uvision.o
       376         80         12          0          0      14443   ti_msp_dl_config.o
      3044        394         24          0        130      21546   zk.o

    ----------------------------------------------------------------------
      9724        780      16796          0        608     129613   Object Totals
         0          0         16          0          0          0   (incl. Generated)
         4          0          0          0          7          0   (incl. Padding)

    ----------------------------------------------------------------------

      Code (inc. data)   RO Data    RW Data    ZI Data      Debug   Library Member Name

         8          0          0          0          0         68   __main.o
         0          0          0          0          0          0   __rtentry.o
        12          0          0          0          0          0   __rtentry2.o
         6          0          0          0          0          0   __rtentry4.o
        86         10          0          0          0          0   __scatter.o
        28          0          0          0          0          0   __scatter_zi.o
      1006          4          0          0          0        184   aeabi_sdivfast.o
        16          0          0          0          0         68   exit.o
         6          0          0          0          0        136   heapauxi.o
         2          0          0          0          0          0   libinit.o
         2          0          0          0          0          0   libinit2.o
         2          0          0          0          0          0   libshutdown.o
         2          0          0          0          0          0   libshutdown2.o
         8          4          0          0         96         68   libspace.o
        44          6          0          0          0         68   puts.o
         2          0          0          0          0          0   rtexit.o
        10          0          0          0          0          0   rtexit2.o
        62          0          0          0          0         80   sys_stackheap_outer.o
        10          0          0          0          0        803   dl_common.o
        90          8          0          0          0      14235   dl_uart.o
        76          0          0          0          0         68   ffixi.o
       176          4          0          0          0         80   fmul.o
         0          0          0          0          0          0   usenofp.o

    ----------------------------------------------------------------------
      1672         40          0          0         96      15858   Library Totals
        18          4          0          0          0          0   (incl. Padding)

    ----------------------------------------------------------------------

      Code (inc. data)   RO Data    RW Data    ZI Data      Debug   Library Name

      1302         24          0          0         96        672   c_p.l
       100          8          0          0          0      15038   driverlib.a
       252          4          0          0          0        148   fz_ps.l

    ----------------------------------------------------------------------
      1672         40          0          0         96      15858   Library Totals

    ----------------------------------------------------------------------

==============================================================================


      Code (inc. data)   RO Data    RW Data    ZI Data      Debug   

     11396        820      16796          0        704     145091   Grand Totals
     11396        820      16796          0        704     145091   ELF Image Totals
     11396        820      16796          0          0          0   ROM Totals

==============================================================================

    Total RO  Size (Code + RO Data)                28192 (  27.53kB)
    Total RW  Size (RW Data + ZI Data)               704 (   0.69kB)
    Total ROM Size (Code + RO Data + RW Data)      28192 (  27.53kB)

==============================================================================

